Archive member included to satisfy reference by file (symbol)

.build/obj_wraith_default/spi_master.a(spi_master.o)
                              .build/obj_wraith_default/drivers/sensors/pmw33xx_common.o (spi_init)
.build/obj_wraith_default/serial_protocol.a(serial_protocol.o)
                              .build/obj_wraith_default/quantum/split_common/transport.o (soft_serial_target_init)
.build/obj_wraith_default/serial_vendor.a(serial_vendor.o)
                              .build/obj_wraith_default/serial_protocol.a(serial_protocol.o) (serial_transport_driver_clear)
.build/obj_wraith_default/i2c_master.a(i2c_master.o)
                              .build/obj_wraith_default/oled_driver.o (i2c_init)
c:/qmk_msys/mingw64/bin/../lib/gcc/arm-none-eabi/10.1.0/thumb/v6-m/nofp\libgcc.a(_thumb1_case_sqi.o)
                              .build/obj_wraith_default/quantum/keycode_config.o (__gnu_thumb1_case_sqi)
c:/qmk_msys/mingw64/bin/../lib/gcc/arm-none-eabi/10.1.0/thumb/v6-m/nofp\libgcc.a(_thumb1_case_uqi.o)
                              .build/obj_wraith_default/trackball.o (__gnu_thumb1_case_uqi)
c:/qmk_msys/mingw64/bin/../lib/gcc/arm-none-eabi/10.1.0/thumb/v6-m/nofp\libgcc.a(_thumb1_case_shi.o)
                              .build/obj_wraith_default/lib/chibios/os/hal/lib/streams/chprintf.o (__gnu_thumb1_case_shi)
c:/qmk_msys/mingw64/bin/../lib/gcc/arm-none-eabi/10.1.0/thumb/v6-m/nofp\libgcc.a(_thumb1_case_uhi.o)
                              .build/obj_wraith_default/quantum/action.o (__gnu_thumb1_case_uhi)
c:/qmk_msys/mingw64/bin/../lib/gcc/arm-none-eabi/10.1.0/thumb/v6-m/nofp\libgcc.a(_dvmd_tls.o)
                              .build/obj_wraith_default/./lib/pico-sdk/src/rp2_common/pico_divider/divider.o (__aeabi_idiv0)
c:/qmk_msys/mingw64/bin/../lib/gcc/arm-none-eabi/10.1.0/thumb/v6-m/nofp\libgcc.a(_ctzsi2.o)
                              .build/obj_wraith_default/./lib/pico-sdk/src/rp2_common/hardware_pio/pio.o (__ctzsi2)
c:/qmk_msys/mingw64/bin/../lib/gcc/arm-none-eabi/10.1.0/thumb/v6-m/nofp\libgcc.a(_fixunssfsi.o)
                              .build/obj_wraith_default/ws2812_vendor.o (__aeabi_f2uiz)
c:/qmk_msys/mingw64/bin/../lib/gcc/arm-none-eabi/10.1.0/thumb/v6-m/nofp\libgcc.a(divsf3.o)
                              .build/obj_wraith_default/ws2812_vendor.o (__aeabi_fdiv)
c:/qmk_msys/mingw64/bin/../lib/gcc/arm-none-eabi/10.1.0/thumb/v6-m/nofp\libgcc.a(mulsf3.o)
                              .build/obj_wraith_default/ws2812_vendor.o (__aeabi_fmul)
c:/qmk_msys/mingw64/bin/../lib/gcc/arm-none-eabi/10.1.0/thumb/v6-m/nofp\libgcc.a(subsf3.o)
                              .build/obj_wraith_default/ws2812_vendor.o (__aeabi_fsub)
c:/qmk_msys/mingw64/bin/../lib/gcc/arm-none-eabi/10.1.0/thumb/v6-m/nofp\libgcc.a(fixsfsi.o)
                              c:/qmk_msys/mingw64/bin/../lib/gcc/arm-none-eabi/10.1.0/thumb/v6-m/nofp\libgcc.a(_fixunssfsi.o) (__aeabi_f2iz)
c:/qmk_msys/mingw64/bin/../lib/gcc/arm-none-eabi/10.1.0/thumb/v6-m/nofp\libgcc.a(floatunsisf.o)
                              .build/obj_wraith_default/ws2812_vendor.o (__aeabi_ui2f)
c:/qmk_msys/mingw64/bin/../lib/gcc/arm-none-eabi/10.1.0/thumb/v6-m/nofp\libgcc.a(_arm_cmpsf2.o)
                              c:/qmk_msys/mingw64/bin/../lib/gcc/arm-none-eabi/10.1.0/thumb/v6-m/nofp\libgcc.a(_fixunssfsi.o) (__aeabi_fcmpge)
c:/qmk_msys/mingw64/bin/../lib/gcc/arm-none-eabi/10.1.0/thumb/v6-m/nofp\libgcc.a(_clzsi2.o)
                              c:/qmk_msys/mingw64/bin/../lib/gcc/arm-none-eabi/10.1.0/thumb/v6-m/nofp\libgcc.a(divsf3.o) (__clzsi2)
c:/qmk_msys/mingw64/bin/../lib/gcc/arm-none-eabi/10.1.0/thumb/v6-m/nofp\libgcc.a(eqsf2.o)
                              c:/qmk_msys/mingw64/bin/../lib/gcc/arm-none-eabi/10.1.0/thumb/v6-m/nofp\libgcc.a(_arm_cmpsf2.o) (__eqsf2)
c:/qmk_msys/mingw64/bin/../lib/gcc/arm-none-eabi/10.1.0/thumb/v6-m/nofp\libgcc.a(gesf2.o)
                              c:/qmk_msys/mingw64/bin/../lib/gcc/arm-none-eabi/10.1.0/thumb/v6-m/nofp\libgcc.a(_arm_cmpsf2.o) (__gesf2)
c:/qmk_msys/mingw64/bin/../lib/gcc/arm-none-eabi/10.1.0/thumb/v6-m/nofp\libgcc.a(lesf2.o)
                              c:/qmk_msys/mingw64/bin/../lib/gcc/arm-none-eabi/10.1.0/thumb/v6-m/nofp\libgcc.a(_arm_cmpsf2.o) (__lesf2)
c:/qmk_msys/mingw64/bin/../lib/gcc/arm-none-eabi/10.1.0/../../../../arm-none-eabi/lib/thumb/v6-m/nofp\libg_nano.a(lib_a-abort.o)
                              .build/obj_wraith_default/lib/chibios/os/various/syscalls.o (abort)
c:/qmk_msys/mingw64/bin/../lib/gcc/arm-none-eabi/10.1.0/../../../../arm-none-eabi/lib/thumb/v6-m/nofp\libg_nano.a(lib_a-ctype_.o)
                              .build/obj_wraith_default/quantum/send_string/send_string.o (_ctype_)
c:/qmk_msys/mingw64/bin/../lib/gcc/arm-none-eabi/10.1.0/../../../../arm-none-eabi/lib/thumb/v6-m/nofp\libg_nano.a(lib_a-errno.o)
                              .build/obj_wraith_default/platforms/chibios/syscall-fallbacks.o (__errno)
[...]
Memory Configuration

Name             Origin             Length             Attributes
flash0           0x0000000000000000 0x0000000000004000 xr
flash1           0x0000000010000000 0x0000000000200000 xr
flash2           0x0000000000000000 0x0000000000000000 xr
flash3           0x0000000000000000 0x0000000000000000 xr
flash4           0x0000000000000000 0x0000000000000000 xr
flash5           0x0000000000000000 0x0000000000000000 xr
flash6           0x0000000000000000 0x0000000000000000 xr
flash7           0x0000000000000000 0x0000000000000000 xr
ram0             0x0000000020000000 0x0000000000040000 xw
ram1             0x0000000000000000 0x0000000000040000 xw
ram2             0x0000000000000000 0x0000000000000000 xw
ram3             0x0000000000000000 0x0000000000000000 xw
ram4             0x0000000020040000 0x0000000000001000 xw
ram5             0x0000000020041000 0x0000000000001000 xw
ram6             0x0000000000000000 0x0000000000000000 xw
ram7             0x0000000020041f00 0x0000000000000100 xw
*default*        0x0000000000000000 0xffffffffffffffff

Linker script and memory map

LOAD .build/obj_wraith_default/trackball.o
LOAD .build/obj_wraith_default/.build/obj_wraith_default/src/default_keyboard.o
LOAD .build/obj_wraith_default/quantum/keymap_introspection.o
LOAD .build/obj_wraith_default/quantum/quantum.o
LOAD .build/obj_wraith_default/quantum/bitwise.o
LOAD .build/obj_wraith_default/quantum/led.o
LOAD .build/obj_wraith_default/quantum/action.o
LOAD .build/obj_wraith_default/quantum/action_layer.o
LOAD .build/obj_wraith_default/quantum/action_tapping.o
LOAD .build/obj_wraith_default/quantum/action_util.o
LOAD .build/obj_wraith_default/quantum/eeconfig.o
LOAD .build/obj_wraith_default/quantum/keyboard.o
LOAD .build/obj_wraith_default/quantum/keymap_common.o
LOAD .build/obj_wraith_default/quantum/keycode_config.o
LOAD .build/obj_wraith_default/quantum/sync_timer.o
LOAD .build/obj_wraith_default/quantum/logging/debug.o
LOAD .build/obj_wraith_default/quantum/logging/sendchar.o
LOAD .build/obj_wraith_default/quantum/logging/print.o
LOAD .build/obj_wraith_default/quantum/bootmagic/bootmagic_lite.o
LOAD .build/obj_wraith_default/quantum/bootmagic/magic.o
LOAD .build/obj_wraith_default/quantum/matrix_common.o
LOAD .build/obj_wraith_default/quantum/matrix.o
LOAD .build/obj_wraith_default/quantum/debounce/sym_defer_g.o
LOAD .build/obj_wraith_default/quantum/split_common/split_util.o
LOAD .build/obj_wraith_default/quantum/split_common/transport.o
LOAD .build/obj_wraith_default/quantum/split_common/transactions.o
LOAD .build/obj_wraith_default/quantum/main.o
LOAD .build/obj_wraith_default/printf.o
LOAD .build/obj_wraith_default/quantum/mousekey.o
LOAD .build/obj_wraith_default/quantum/pointing_device/pointing_device.o
LOAD .build/obj_wraith_default/quantum/pointing_device/pointing_device_drivers.o
LOAD .build/obj_wraith_default/quantum/pointing_device/pointing_device_auto_mouse.o
LOAD .build/obj_wraith_default/drivers/sensors/pmw3360.o
LOAD .build/obj_wraith_default/drivers/sensors/pmw33xx_common.o
LOAD .build/obj_wraith_default/eeprom_driver.o
LOAD .build/obj_wraith_default/eeprom_wear_leveling.o
LOAD .build/obj_wraith_default/wear_leveling.o
LOAD .build/obj_wraith_default/wear_leveling_rp2040_flash.o
LOAD .build/obj_wraith_default/quantum/color.o
LOAD .build/obj_wraith_default/quantum/rgb_matrix/rgb_matrix.o
LOAD .build/obj_wraith_default/quantum/rgb_matrix/rgb_matrix_drivers.o
LOAD .build/obj_wraith_default/lib/lib8tion/lib8tion.o
LOAD .build/obj_wraith_default/quantum/process_keycode/process_rgb.o
LOAD .build/obj_wraith_default/ws2812_vendor.o
LOAD .build/obj_wraith_default/quantum/led_tables.o
LOAD .build/obj_wraith_default/crc.o
LOAD .build/obj_wraith_default/qmk_fnv_type_validation.o
LOAD .build/obj_wraith_default/hash_32a.o
LOAD .build/obj_wraith_default/hash_64a.o
LOAD .build/obj_wraith_default/oled_driver.o
LOAD .build/obj_wraith_default/quantum/process_keycode/process_magic.o
LOAD .build/obj_wraith_default/quantum/send_string/send_string.o
LOAD .build/obj_wraith_default/quantum/process_keycode/process_grave_esc.o
LOAD .build/obj_wraith_default/quantum/process_keycode/process_space_cadet.o
LOAD .build/obj_wraith_default/protocol/host.o
LOAD .build/obj_wraith_default/protocol/report.o
LOAD .build/obj_wraith_default/protocol/usb_device_state.o
LOAD .build/obj_wraith_default/protocol/usb_util.o
LOAD .build/obj_wraith_default/platforms/suspend.o
LOAD .build/obj_wraith_default/platforms/synchronization_util.o
LOAD .build/obj_wraith_default/platforms/timer.o
LOAD .build/obj_wraith_default/platforms/chibios/hardware_id.o
LOAD .build/obj_wraith_default/platforms/chibios/platform.o
LOAD .build/obj_wraith_default/platforms/chibios/suspend.o
LOAD .build/obj_wraith_default/platforms/chibios/timer.o
LOAD .build/obj_wraith_default/platforms/chibios/bootloaders/rp2040.o
LOAD .build/obj_wraith_default/spi_master.a
LOAD .build/obj_wraith_default/serial_protocol.a
LOAD .build/obj_wraith_default/serial_vendor.a
LOAD .build/obj_wraith_default/i2c_master.a
LOAD .build/obj_wraith_default/./lib/chibios/os/common/startup/ARMCMx/compilers/GCC/crt0_v6m.o
LOAD .build/obj_wraith_default/./lib/chibios/os/common/startup/ARMCMx/compilers/GCC/vectors.o
LOAD .build/obj_wraith_default/./lib/chibios/os/common/ports/ARMv6-M-RP2/compilers/GCC/chcoreasm.o
LOAD .build/obj_wraith_default/protocol/chibios/usb_main.o
LOAD .build/obj_wraith_default/protocol/chibios/chibios.o
LOAD .build/obj_wraith_default/usb_descriptor.o
LOAD .build/obj_wraith_default/protocol/chibios/usb_driver.o
LOAD .build/obj_wraith_default/protocol/chibios/usb_util.o
LOAD .build/obj_wraith_default/./lib/chibios/os/oslib/src/chmboxes.o
LOAD .build/obj_wraith_default/./lib/chibios/os/oslib/src/chmemcore.o
LOAD .build/obj_wraith_default/./lib/chibios/os/oslib/src/chmemheaps.o
LOAD .build/obj_wraith_default/./lib/chibios/os/oslib/src/chmempools.o
LOAD .build/obj_wraith_default/./lib/chibios/os/oslib/src/chpipes.o
LOAD .build/obj_wraith_default/./lib/chibios/os/oslib/src/chobjcaches.o
LOAD .build/obj_wraith_default/./lib/chibios/os/oslib/src/chdelegates.o
LOAD .build/obj_wraith_default/./lib/chibios/os/oslib/src/chfactory.o
LOAD .build/obj_wraith_default/lib/chibios/os/common/startup/ARMCMx/compilers/GCC/crt1.o
LOAD .build/obj_wraith_default/lib/chibios/os/rt/src/chsys.o
LOAD .build/obj_wraith_default/lib/chibios/os/rt/src/chrfcu.o
LOAD .build/obj_wraith_default/lib/chibios/os/rt/src/chdebug.o
LOAD .build/obj_wraith_default/lib/chibios/os/rt/src/chtrace.o
LOAD .build/obj_wraith_default/lib/chibios/os/rt/src/chvt.o
LOAD .build/obj_wraith_default/lib/chibios/os/rt/src/chschd.o
LOAD .build/obj_wraith_default/lib/chibios/os/rt/src/chinstances.o
LOAD .build/obj_wraith_default/lib/chibios/os/rt/src/chthreads.o
LOAD .build/obj_wraith_default/lib/chibios/os/rt/src/chtm.o
LOAD .build/obj_wraith_default/lib/chibios/os/rt/src/chstats.o
LOAD .build/obj_wraith_default/lib/chibios/os/rt/src/chregistry.o
LOAD .build/obj_wraith_default/lib/chibios/os/rt/src/chsem.o
LOAD .build/obj_wraith_default/lib/chibios/os/rt/src/chmtx.o
LOAD .build/obj_wraith_default/lib/chibios/os/rt/src/chcond.o
LOAD .build/obj_wraith_default/lib/chibios/os/rt/src/chevents.o
LOAD .build/obj_wraith_default/lib/chibios/os/rt/src/chmsg.o
LOAD .build/obj_wraith_default/lib/chibios/os/rt/src/chdynamic.o
LOAD .build/obj_wraith_default/lib/chibios/os/common/ports/ARMv6-M-RP2/chcore.o
LOAD .build/obj_wraith_default/lib/chibios/os/hal/osal/rt-nil/osal.o
LOAD .build/obj_wraith_default/lib/chibios/os/hal/src/hal.o
LOAD .build/obj_wraith_default/lib/chibios/os/hal/src/hal_st.o
LOAD .build/obj_wraith_default/lib/chibios/os/hal/src/hal_buffers.o
LOAD .build/obj_wraith_default/lib/chibios/os/hal/src/hal_queues.o
LOAD .build/obj_wraith_default/lib/chibios/os/hal/src/hal_flash.o
LOAD .build/obj_wraith_default/lib/chibios/os/hal/src/hal_mmcsd.o
LOAD .build/obj_wraith_default/lib/chibios/os/hal/src/hal_adc.o
LOAD .build/obj_wraith_default/lib/chibios/os/hal/src/hal_can.o
LOAD .build/obj_wraith_default/lib/chibios/os/hal/src/hal_crypto.o
LOAD .build/obj_wraith_default/lib/chibios/os/hal/src/hal_dac.o
LOAD .build/obj_wraith_default/lib/chibios/os/hal/src/hal_efl.o
LOAD .build/obj_wraith_default/lib/chibios/os/hal/src/hal_gpt.o
LOAD .build/obj_wraith_default/lib/chibios/os/hal/src/hal_i2c.o
LOAD .build/obj_wraith_default/lib/chibios/os/hal/src/hal_i2s.o
LOAD .build/obj_wraith_default/lib/chibios/os/hal/src/hal_icu.o
LOAD .build/obj_wraith_default/lib/chibios/os/hal/src/hal_mac.o
LOAD .build/obj_wraith_default/lib/chibios/os/hal/src/hal_mmc_spi.o
LOAD .build/obj_wraith_default/lib/chibios/os/hal/src/hal_pal.o
LOAD .build/obj_wraith_default/lib/chibios/os/hal/src/hal_pwm.o
LOAD .build/obj_wraith_default/lib/chibios/os/hal/src/hal_rtc.o
LOAD .build/obj_wraith_default/lib/chibios/os/hal/src/hal_sdc.o
LOAD .build/obj_wraith_default/lib/chibios/os/hal/src/hal_serial.o
LOAD .build/obj_wraith_default/lib/chibios/os/hal/src/hal_serial_usb.o
LOAD .build/obj_wraith_default/lib/chibios/os/hal/src/hal_sio.o
LOAD .build/obj_wraith_default/lib/chibios/os/hal/src/hal_spi.o
LOAD .build/obj_wraith_default/lib/chibios/os/hal/src/hal_trng.o
LOAD .build/obj_wraith_default/lib/chibios/os/hal/src/hal_uart.o
LOAD .build/obj_wraith_default/lib/chibios/os/hal/src/hal_usb.o
LOAD .build/obj_wraith_default/lib/chibios/os/hal/src/hal_wdg.o
LOAD .build/obj_wraith_default/lib/chibios/os/hal/src/hal_wspi.o
LOAD .build/obj_wraith_default/lib/chibios/os/hal/ports/common/ARMCMx/nvic.o
LOAD .build/obj_wraith_default/lib/chibios/os/hal/ports/RP/RP2040/rp_isr.o
LOAD .build/obj_wraith_default/lib/chibios/os/hal/ports/RP/RP2040/hal_lld.o
LOAD .build/obj_wraith_default/lib/chibios/os/hal/ports/RP/LLD/DMAv1/rp_dma.o
LOAD .build/obj_wraith_default/lib/chibios/os/hal/ports/RP/LLD/GPIOv1/hal_pal_lld.o
LOAD .build/obj_wraith_default/lib/chibios/os/hal/ports/RP/LLD/SPIv1/hal_spi_lld.o
LOAD .build/obj_wraith_default/lib/chibios/os/hal/ports/RP/LLD/TIMERv1/hal_st_lld.o
LOAD .build/obj_wraith_default/lib/chibios/os/hal/ports/RP/LLD/UARTv1/hal_sio_lld.o
LOAD .build/obj_wraith_default/lib/chibios/os/hal/ports/RP/LLD/RTCv1/hal_rtc_lld.o
LOAD .build/obj_wraith_default/lib/chibios/os/hal/ports/RP/LLD/WDGv1/hal_wdg_lld.o
LOAD .build/obj_wraith_default/lib/chibios-contrib/os/hal/ports/RP/LLD/I2Cv1/hal_i2c_lld.o
LOAD .build/obj_wraith_default/lib/chibios-contrib/os/hal/ports/RP/LLD/PWMv1/hal_pwm_lld.o
LOAD .build/obj_wraith_default/lib/chibios-contrib/os/hal/ports/RP/LLD/ADCv1/hal_adc_lld.o
LOAD .build/obj_wraith_default/lib/chibios-contrib/os/hal/ports/RP/LLD/USBDv1/hal_usb_lld.o
LOAD .build/obj_wraith_default/lib/chibios/os/hal/boards/RP_PICO_RP2040/board.o
LOAD .build/obj_wraith_default/lib/chibios/os/hal/lib/streams/chprintf.o
LOAD .build/obj_wraith_default/lib/chibios/os/hal/lib/streams/chscanf.o
LOAD .build/obj_wraith_default/lib/chibios/os/hal/lib/streams/memstreams.o
LOAD .build/obj_wraith_default/lib/chibios/os/hal/lib/streams/nullstreams.o
LOAD .build/obj_wraith_default/lib/chibios/os/hal/lib/streams/bufstreams.o
LOAD .build/obj_wraith_default/lib/chibios/os/various/syscalls.o
LOAD .build/obj_wraith_default/platforms/chibios/syscall-fallbacks.o
LOAD .build/obj_wraith_default/platforms/chibios/wait.o
LOAD .build/obj_wraith_default/platforms/chibios/synchronization_util.o
LOAD .build/obj_wraith_default/./lib/pico-sdk/src/rp2_common/hardware_clocks/clocks.o
LOAD .build/obj_wraith_default/./lib/pico-sdk/src/rp2_common/hardware_pll/pll.o
LOAD .build/obj_wraith_default/./lib/pico-sdk/src/rp2_common/hardware_pio/pio.o
LOAD .build/obj_wraith_default/./lib/pico-sdk/src/rp2_common/hardware_timer/timer.o
LOAD .build/obj_wraith_default/./lib/pico-sdk/src/rp2_common/hardware_flash/flash.o
LOAD .build/obj_wraith_default/./lib/pico-sdk/src/rp2_common/hardware_gpio/gpio.o
LOAD .build/obj_wraith_default/./lib/pico-sdk/src/rp2_common/hardware_claim/claim.o
LOAD .build/obj_wraith_default/./lib/pico-sdk/src/rp2_common/hardware_watchdog/watchdog.o
LOAD .build/obj_wraith_default/./lib/pico-sdk/src/rp2_common/hardware_xosc/xosc.o
LOAD .build/obj_wraith_default/./lib/pico-sdk/src/rp2_common/pico_bootrom/bootrom.o
LOAD .build/obj_wraith_default/platforms/chibios/vendors/RP/stage2_bootloaders.o
LOAD .build/obj_wraith_default/platforms/chibios/vendors/RP/pico_sdk_shims.o
LOAD .build/obj_wraith_default/./lib/pico-sdk/src/rp2_common/pico_divider/divider.o
LOAD .build/obj_wraith_default/./lib/pico-sdk/src/rp2_common/pico_int64_ops/pico_int64_ops_aeabi.o
                0x0000000000000800                __process_stack_size__ = 0x800
                0x0000000000000400                __main_stack_size__ = 0x400
LOAD c:/qmk_msys/mingw64/bin/../lib/gcc/arm-none-eabi/10.1.0/../../../../arm-none-eabi/lib/thumb/v6-m/nofp\libm.a
START GROUP
LOAD c:/qmk_msys/mingw64/bin/../lib/gcc/arm-none-eabi/10.1.0/thumb/v6-m/nofp\libgcc.a
LOAD c:/qmk_msys/mingw64/bin/../lib/gcc/arm-none-eabi/10.1.0/../../../../arm-none-eabi/lib/thumb/v6-m/nofp\libg_nano.a
LOAD c:/qmk_msys/mingw64/bin/../lib/gcc/arm-none-eabi/10.1.0/../../../../arm-none-eabi/lib/thumb/v6-m/nofp\libc_nano.a
END GROUP
START GROUP
LOAD c:/qmk_msys/mingw64/bin/../lib/gcc/arm-none-eabi/10.1.0/thumb/v6-m/nofp\libgcc.a
LOAD c:/qmk_msys/mingw64/bin/../lib/gcc/arm-none-eabi/10.1.0/../../../../arm-none-eabi/lib/thumb/v6-m/nofp\libc_nano.a
END GROUP

.flash_begin    0x0000000010000000        0x0
                0x0000000010000000                __flash_binary_start = .

.boot2          0x0000000010000000      0x100
                0x0000000010000000                __boot2_start__ = .
 *(.boot2)
 .boot2         0x0000000010000000      0x100 .build/obj_wraith_default/platforms/chibios/vendors/RP/stage2_bootloaders.o
                0x0000000010000000                BOOT2_ROM
                0x0000000010000100                __boot2_end__ = .

.mstack         0x0000000020040000      0x400
                0x0000000020040000                . = ALIGN (0x8)
                0x0000000020040000                __main_stack_base__ = .
                0x0000000020040400                . = (. + __main_stack_size__)
 *fill*         0x0000000020040000      0x400 
                0x0000000020040400                . = ALIGN (0x8)
                0x0000000020040400                __main_stack_end__ = .

.pstack         0x0000000020040400      0x800
                0x0000000020040400                . = ALIGN (0x8)
                0x0000000020040400                __process_stack_base__ = .
                0x0000000020040400                __main_thread_stack_base__ = .
                0x0000000020040c00                . = (. + __process_stack_size__)
 *fill*         0x0000000020040400      0x800 
                0x0000000020040c00                . = ALIGN (0x8)
                0x0000000020040c00                __process_stack_end__ = .
                0x0000000020040c00                __main_thread_stack_end__ = .
                0x0000000000000400                __c1_main_stack_size__ = __main_stack_size__
                0x0000000000000800                __c1_process_stack_size__ = __process_stack_size__

.c1_mstack      0x0000000020041000      0x400
                0x0000000020041000                . = ALIGN (0x8)
                0x0000000020041000                __c1_main_stack_base__ = .
                0x0000000020041400                . = (. + __c1_main_stack_size__)
 *fill*         0x0000000020041000      0x400 
                0x0000000020041400                . = ALIGN (0x8)
                0x0000000020041400                __c1_main_stack_end__ = .

.c1_pstack      0x0000000020041400      0x800
                0x0000000020041400                . = ALIGN (0x8)
                0x0000000020041400                __c1_process_stack_base__ = .
                0x0000000020041400                __c1_main_thread_stack_base__ = .
                0x0000000020041c00                . = (. + __c1_process_stack_size__)
 *fill*         0x0000000020041400      0x800 
                0x0000000020041c00                . = ALIGN (0x8)
                0x0000000020041c00                __c1_process_stack_end__ = .
                0x0000000020041c00                __c1_main_thread_stack_end__ = .

.vectors        0x0000000010000100       0xc0
                0x0000000010000100                __textvectors_base__ = LOADADDR (.vectors)
                0x0000000010000100                __vectors_base__ = .
 *(.vectors)
 .vectors       0x0000000010000100       0xc0 .build/obj_wraith_default/./lib/chibios/os/common/startup/ARMCMx/compilers/GCC/vectors.o
                0x0000000010000100                _vectors
                0x00000000100001c0                __vectors_end__ = .

.xtors          0x00000000100001c0        0x0
                0x00000000100001c0                __init_array_base__ = .
 *(SORT_BY_NAME(.init_array.*))
 *(.init_array)
                0x00000000100001c0                __init_array_end__ = .
                0x00000000100001c0                __fini_array_base__ = .
 *(.fini_array)
 *(SORT_BY_NAME(.fini_array.*))
                0x00000000100001c0                __fini_array_end__ = .

.text           0x00000000100001c0     0xac08
                0x00000000100001c0                __text_base__ = .
 *(.text)
 .text          0x00000000100001c0      0x104 .build/obj_wraith_default/./lib/chibios/os/common/startup/ARMCMx/compilers/GCC/crt0_v6m.o
                0x00000000100001c0                _crt0_entry
 .text          0x00000000100002c4        0x8 .build/obj_wraith_default/./lib/chibios/os/common/startup/ARMCMx/compilers/GCC/vectors.o
                0x00000000100002c4                Reset_Handler
                0x00000000100002c6                VectorAC
                0x00000000100002c6                DebugMon_Handler
                0x00000000100002c6                HardFault_Handler
                0x00000000100002c6                Vector8C
                0x00000000100002c6                SysTick_Handler
                0x00000000100002c6                PendSV_Handler
                0x00000000100002c6                Vector94
                0x00000000100002c6                VectorA8
                0x00000000100002c6                VectorB4
                0x00000000100002c6                Vector74
                0x00000000100002c6                UsageFault_Handler
                0x00000000100002c6                VectorBC
                0x00000000100002c6                Vector64
                0x00000000100002c6                Vector58
                0x00000000100002c6                Vector98
                0x00000000100002c6                Vector24
                0x00000000100002c6                Vector84
                0x00000000100002c6                SecureFault_Handler
                0x00000000100002c6                MemManage_Handler
                0x00000000100002c6                VectorA0
                0x00000000100002c6                SVC_Handler
                0x00000000100002c6                VectorB0
                0x00000000100002c6                Vector90
                0x00000000100002c6                Vector60
                0x00000000100002c6                Vector68
                0x00000000100002c6                Vector78
                0x00000000100002c6                VectorA4
                0x00000000100002c6                Vector88
                0x00000000100002c6                BusFault_Handler
                0x00000000100002c6                Vector50
                0x00000000100002c6                Vector28
                0x00000000100002c6                VectorB8
                0x00000000100002c6                Vector34
                0x00000000100002c6                Vector20
                0x00000000100002ca                _unhandled_exception
 .text          0x00000000100002cc       0x48 .build/obj_wraith_default/./lib/chibios/os/common/ports/ARMv6-M-RP2/compilers/GCC/chcoreasm.o
                0x00000000100002cc                __port_switch
                0x00000000100002ec                __port_thread_start
                0x00000000100002fe                __port_switch_from_isr
                0x0000000010000302                __port_exit_from_isr
 .text          0x0000000010000314       0x14 c:/qmk_msys/mingw64/bin/../lib/gcc/arm-none-eabi/10.1.0/thumb/v6-m/nofp\libgcc.a(_thumb1_case_sqi.o)
                0x0000000010000314                __gnu_thumb1_case_sqi
 .text          0x0000000010000328       0x14 c:/qmk_msys/mingw64/bin/../lib/gcc/arm-none-eabi/10.1.0/thumb/v6-m/nofp\libgcc.a(_thumb1_case_uqi.o)
                0x0000000010000328                __gnu_thumb1_case_uqi
 .text          0x000000001000033c       0x14 c:/qmk_msys/mingw64/bin/../lib/gcc/arm-none-eabi/10.1.0/thumb/v6-m/nofp\libgcc.a(_thumb1_case_uhi.o)
                0x000000001000033c                __gnu_thumb1_case_uhi
 .text          0x0000000010000350        0x4 c:/qmk_msys/mingw64/bin/../lib/gcc/arm-none-eabi/10.1.0/thumb/v6-m/nofp\libgcc.a(_dvmd_tls.o)
                0x0000000010000350                __aeabi_idiv0
                0x0000000010000350                __aeabi_ldiv0
 .text          0x0000000010000354       0x40 c:/qmk_msys/mingw64/bin/../lib/gcc/arm-none-eabi/10.1.0/thumb/v6-m/nofp\libgcc.a(_ctzsi2.o)
                0x0000000010000354                __ctzsi2
 .text          0x0000000010000394       0x74 c:/qmk_msys/mingw64/bin/../lib/gcc/arm-none-eabi/10.1.0/thumb/v6-m/nofp\libgcc.a(_arm_cmpsf2.o)
                0x0000000010000394                __aeabi_cfrcmple
                0x000000001000039c                __aeabi_cfcmpeq
                0x000000001000039c                __aeabi_cfcmple
                0x00000000100003ac                __aeabi_fcmpeq
                0x00000000100003b8                __aeabi_fcmplt
                0x00000000100003cc                __aeabi_fcmple
                0x00000000100003e0                __aeabi_fcmpgt
                0x00000000100003f4                __aeabi_fcmpge
 .text          0x0000000010000408       0x3c c:/qmk_msys/mingw64/bin/../lib/gcc/arm-none-eabi/10.1.0/thumb/v6-m/nofp\libgcc.a(_clzsi2.o)
                0x0000000010000408                __clzsi2
 .text          0x0000000010000444       0x50 c:/qmk_msys/mingw64/bin/../lib/gcc/arm-none-eabi/10.1.0/../../../../arm-none-eabi/lib/thumb/v6-m/nofp\libg_nano.a(lib_a-memcmp.o)
                0x0000000010000444                memcmp
 .text          0x0000000010000494       0xa8 c:/qmk_msys/mingw64/bin/../lib/gcc/arm-none-eabi/10.1.0/../../../../arm-none-eabi/lib/thumb/v6-m/nofp\libg_nano.a(lib_a-memcpy-stub.o)
                0x0000000010000494                memcpy
 .text          0x000000001000053c       0xa8 c:/qmk_msys/mingw64/bin/../lib/gcc/arm-none-eabi/10.1.0/../../../../arm-none-eabi/lib/thumb/v6-m/nofp\libg_nano.a(lib_a-memset.o)
                0x000000001000053c                memset
 .text          0x00000000100005e4       0x68 c:/qmk_msys/mingw64/bin/../lib/gcc/arm-none-eabi/10.1.0/../../../../arm-none-eabi/lib/thumb/v6-m/nofp\libg_nano.a(lib_a-strlen-stub.o)
                0x00000000100005e4                strlen
 *(.text.*)
 .text.has_shift_mod
                0x000000001000064c       0x20 .build/obj_wraith_default/trackball.o
 .text.maybe_update_pointing_device_cpi.constprop.0
                0x000000001000066c       0x38 .build/obj_wraith_default/trackball.o
 .text.layer_state_set_user
                0x00000000100006a4       0x3c .build/obj_wraith_default/trackball.o
                0x00000000100006a4                layer_state_set_user
 .text.charybdis_cycle_pointer_default_dpi
                0x00000000100006e0       0x30 .build/obj_wraith_default/trackball.o
                0x00000000100006e0                charybdis_cycle_pointer_default_dpi
 .text.charybdis_cycle_pointer_sniping_dpi
                0x0000000010000710       0x34 .build/obj_wraith_default/trackball.o
                0x0000000010000710                charybdis_cycle_pointer_sniping_dpi
 .text.charybdis_set_pointer_sniping_enabled
                0x0000000010000744       0x1c .build/obj_wraith_default/trackball.o
                0x0000000010000744                charybdis_set_pointer_sniping_enabled
 .text.charybdis_set_pointer_dragscroll_enabled
                0x0000000010000760       0x20 .build/obj_wraith_default/trackball.o
                0x0000000010000760                charybdis_set_pointer_dragscroll_enabled
 .text.pointing_device_task_kb
                0x0000000010000780      0x134 .build/obj_wraith_default/trackball.o
                0x0000000010000780                pointing_device_task_kb
 .text.process_record_kb
                0x00000000100008b4       0xa8 .build/obj_wraith_default/trackball.o
                0x00000000100008b4                process_record_kb
 .text.eeconfig_init_kb
                0x000000001000095c       0x1c .build/obj_wraith_default/trackball.o
                0x000000001000095c                eeconfig_init_kb
 .text.matrix_power_up
                0x0000000010000978        0x8 .build/obj_wraith_default/trackball.o
                0x0000000010000978                matrix_power_up
 .text.matrix_init_sub_kb
                0x0000000010000980        0x2 .build/obj_wraith_default/trackball.o
                0x0000000010000980                matrix_init_sub_kb
 *fill*         0x0000000010000982        0x2 
 .text.matrix_init_kb
                0x0000000010000984       0x1c .build/obj_wraith_default/trackball.o
                0x0000000010000984                matrix_init_kb
 .text.matrix_scan_sub_kb
                0x00000000100009a0        0x2 .build/obj_wraith_default/trackball.o
                0x00000000100009a0                matrix_scan_sub_kb
 .text.matrix_scan_kb
                0x00000000100009a2        0xc .build/obj_wraith_default/trackball.o
                0x00000000100009a2                matrix_scan_kb
 *fill*         0x00000000100009ae        0x2 
 .text.oled_task_user
                0x00000000100009b0       0x24 .build/obj_wraith_default/quantum/keymap_introspection.o
                0x00000000100009b0                oled_task_user
 .text.keycode_at_keymap_location_raw
                0x00000000100009d4       0x2c .build/obj_wraith_default/quantum/keymap_introspection.o
                0x00000000100009d4                keycode_at_keymap_location_raw
 .text.keycode_at_keymap_location
                0x0000000010000a00        0x8 .build/obj_wraith_default/quantum/keymap_introspection.o
                0x0000000010000a00                keycode_at_keymap_location
 .text.pre_process_record_user
                0x0000000010000a08        0x4 .build/obj_wraith_default/quantum/quantum.o
                0x0000000010000a08                pre_process_record_user
 .text.pre_process_record_kb
                0x0000000010000a0c        0x8 .build/obj_wraith_default/quantum/quantum.o
                0x0000000010000a0c                pre_process_record_kb
 .text.process_action_kb
                0x0000000010000a14        0x4 .build/obj_wraith_default/quantum/quantum.o
                0x0000000010000a14                process_action_kb
 .text.process_record_user
                0x0000000010000a18        0x4 .build/obj_wraith_default/quantum/quantum.o
                0x0000000010000a18                process_record_user
 .text.post_process_record_user
                0x0000000010000a1c        0x2 .build/obj_wraith_default/quantum/quantum.o
                0x0000000010000a1c                post_process_record_user
 .text.post_process_record_kb
                0x0000000010000a1e        0x8 .build/obj_wraith_default/quantum/quantum.o
                0x0000000010000a1e                post_process_record_kb
 *fill*         0x0000000010000a26        0x2 
 .text.get_event_keycode
                0x0000000010000a28       0x4c .build/obj_wraith_default/quantum/quantum.o
                0x0000000010000a28                get_event_keycode
 .text.get_record_keycode
                0x0000000010000a74       0x16 .build/obj_wraith_default/quantum/quantum.o
                0x0000000010000a74                get_record_keycode
 .text.pre_process_record_quantum
                0x0000000010000a8a       0x12 .build/obj_wraith_default/quantum/quantum.o
                0x0000000010000a8a                pre_process_record_quantum
 .text.post_process_record_quantum
                0x0000000010000a9c       0x12 .build/obj_wraith_default/quantum/quantum.o
                0x0000000010000a9c                post_process_record_quantum
 .text.shutdown_user
                0x0000000010000aae        0x2 .build/obj_wraith_default/quantum/quantum.o
                0x0000000010000aae                shutdown_user
 .text.shutdown_quantum
                0x0000000010000ab0       0x18 .build/obj_wraith_default/quantum/quantum.o
                0x0000000010000ab0                shutdown_quantum
 .text.reset_keyboard
                0x0000000010000ac8        0xc .build/obj_wraith_default/quantum/quantum.o
                0x0000000010000ac8                reset_keyboard
 .text.soft_reset_keyboard
                0x0000000010000ad4        0xc .build/obj_wraith_default/quantum/quantum.o
                0x0000000010000ad4                soft_reset_keyboard
 .text.process_record_quantum
                0x0000000010000ae0       0xb4 .build/obj_wraith_default/quantum/quantum.o
                0x0000000010000ae0                process_record_quantum
 .text.suspend_power_down_quantum
                0x0000000010000b94       0x1e .build/obj_wraith_default/quantum/quantum.o
                0x0000000010000b94                suspend_power_down_quantum
 .text.suspend_wakeup_init_quantum
                0x0000000010000bb2       0x12 .build/obj_wraith_default/quantum/quantum.o
                0x0000000010000bb2                suspend_wakeup_init_quantum
 .text.biton16  0x0000000010000bc4       0x2c .build/obj_wraith_default/quantum/bitwise.o
                0x0000000010000bc4                biton16
 .text.led_set_user
                0x0000000010000bf0        0x2 .build/obj_wraith_default/quantum/led.o
                0x0000000010000bf0                led_set_user
 .text.led_update_user
                0x0000000010000bf2        0x4 .build/obj_wraith_default/quantum/led.o
                0x0000000010000bf2                led_update_user
 .text.led_update_ports
                0x0000000010000bf6        0x2 .build/obj_wraith_default/quantum/led.o
                0x0000000010000bf6                led_update_ports
 .text.led_update_kb
                0x0000000010000bf8       0x16 .build/obj_wraith_default/quantum/led.o
                0x0000000010000bf8                led_update_kb
 .text.led_init_ports
                0x0000000010000c0e        0x2 .build/obj_wraith_default/quantum/led.o
                0x0000000010000c0e                led_init_ports
 .text.led_set  0x0000000010000c10       0x10 .build/obj_wraith_default/quantum/led.o
                0x0000000010000c10                led_set
 .text.led_suspend
                0x0000000010000c20        0xa .build/obj_wraith_default/quantum/led.o
                0x0000000010000c20                led_suspend
 .text.led_wakeup
                0x0000000010000c2a        0xc .build/obj_wraith_default/quantum/led.o
                0x0000000010000c2a                led_wakeup
 *fill*         0x0000000010000c36        0x2 
 .text.led_task
                0x0000000010000c38       0x2c .build/obj_wraith_default/quantum/led.o
                0x0000000010000c38                led_task
 .text.action_exec
                0x0000000010000c64       0x42 .build/obj_wraith_default/quantum/action.o
                0x0000000010000c64                action_exec
 .text.process_record_tap_hint
                0x0000000010000ca6       0x10 .build/obj_wraith_default/quantum/action.o
                0x0000000010000ca6                process_record_tap_hint
 .text.register_mouse
                0x0000000010000cb6       0x2a .build/obj_wraith_default/quantum/action.o
                0x0000000010000cb6                register_mouse
 .text.register_code
                0x0000000010000ce0       0x90 .build/obj_wraith_default/quantum/action.o
                0x0000000010000ce0                register_code
 .text.unregister_code
                0x0000000010000d70       0x68 .build/obj_wraith_default/quantum/action.o
                0x0000000010000d70                unregister_code
 .text.tap_code_delay
                0x0000000010000dd8       0x26 .build/obj_wraith_default/quantum/action.o
                0x0000000010000dd8                tap_code_delay
 .text.tap_code
                0x0000000010000dfe       0x10 .build/obj_wraith_default/quantum/action.o
                0x0000000010000dfe                tap_code
 .text.register_mods
                0x0000000010000e0e       0x10 .build/obj_wraith_default/quantum/action.o
                0x0000000010000e0e                register_mods
 .text.unregister_mods
                0x0000000010000e1e       0x10 .build/obj_wraith_default/quantum/action.o
                0x0000000010000e1e                unregister_mods
 *fill*         0x0000000010000e2e        0x2 
 .text.process_action
                0x0000000010000e30      0x3c8 .build/obj_wraith_default/quantum/action.o
                0x0000000010000e30                process_action
 .text.process_record_handler
                0x00000000100011f8       0x20 .build/obj_wraith_default/quantum/action.o
                0x00000000100011f8                process_record_handler
 .text.process_record
                0x0000000010001218       0x44 .build/obj_wraith_default/quantum/action.o
                0x0000000010001218                process_record
 .text.clear_keyboard_but_mods_and_keys
                0x000000001000125c       0x20 .build/obj_wraith_default/quantum/action.o
                0x000000001000125c                clear_keyboard_but_mods_and_keys
 .text.clear_keyboard_but_mods
                0x000000001000127c        0xc .build/obj_wraith_default/quantum/action.o
                0x000000001000127c                clear_keyboard_but_mods
 .text.clear_keyboard
                0x0000000010001288        0xc .build/obj_wraith_default/quantum/action.o
                0x0000000010001288                clear_keyboard
 .text.is_tap_action
                0x0000000010001294       0x4c .build/obj_wraith_default/quantum/action.o
                0x0000000010001294                is_tap_action
 .text.is_tap_record
                0x00000000100012e0       0x18 .build/obj_wraith_default/quantum/action.o
                0x00000000100012e0                is_tap_record
 .text.debug_event
                0x00000000100012f8        0x6 .build/obj_wraith_default/quantum/action.o
                0x00000000100012f8                debug_event
 .text.debug_record
                0x00000000100012fe        0x6 .build/obj_wraith_default/quantum/action.o
                0x00000000100012fe                debug_record
 .text.default_layer_state_set_user
                0x0000000010001304        0x2 .build/obj_wraith_default/quantum/action_layer.o
                0x0000000010001304                default_layer_state_set_user
 .text.default_layer_state_set_kb
                0x0000000010001306        0x8 .build/obj_wraith_default/quantum/action_layer.o
                0x0000000010001306                default_layer_state_set_kb
 *fill*         0x000000001000130e        0x2 
 .text.default_layer_state_set
                0x0000000010001310       0x10 .build/obj_wraith_default/quantum/action_layer.o
 .text.default_layer_debug
                0x0000000010001320        0x2 .build/obj_wraith_default/quantum/action_layer.o
                0x0000000010001320                default_layer_debug
 .text.default_layer_set
                0x0000000010001322        0x8 .build/obj_wraith_default/quantum/action_layer.o
                0x0000000010001322                default_layer_set
 *fill*         0x000000001000132a        0x2 
 .text.default_layer_or
                0x000000001000132c       0x14 .build/obj_wraith_default/quantum/action_layer.o
                0x000000001000132c                default_layer_or
 .text.default_layer_and
                0x0000000010001340       0x14 .build/obj_wraith_default/quantum/action_layer.o
                0x0000000010001340                default_layer_and
 .text.default_layer_xor
                0x0000000010001354       0x14 .build/obj_wraith_default/quantum/action_layer.o
                0x0000000010001354                default_layer_xor
 .text.layer_state_set_kb
                0x0000000010001368        0x8 .build/obj_wraith_default/quantum/action_layer.o
                0x0000000010001368                layer_state_set_kb
 .text.layer_state_set
                0x0000000010001370       0x10 .build/obj_wraith_default/quantum/action_layer.o
                0x0000000010001370                layer_state_set
 .text.layer_clear
                0x0000000010001380        0xa .build/obj_wraith_default/quantum/action_layer.o
                0x0000000010001380                layer_clear
 .text.layer_move
                0x000000001000138a        0xe .build/obj_wraith_default/quantum/action_layer.o
                0x000000001000138a                layer_move
 .text.layer_on
                0x0000000010001398       0x18 .build/obj_wraith_default/quantum/action_layer.o
                0x0000000010001398                layer_on
 .text.layer_off
                0x00000000100013b0       0x18 .build/obj_wraith_default/quantum/action_layer.o
                0x00000000100013b0                layer_off
 .text.layer_invert
                0x00000000100013c8       0x18 .build/obj_wraith_default/quantum/action_layer.o
                0x00000000100013c8                layer_invert
 .text.layer_or
                0x00000000100013e0       0x14 .build/obj_wraith_default/quantum/action_layer.o
                0x00000000100013e0                layer_or
 .text.layer_and
                0x00000000100013f4       0x14 .build/obj_wraith_default/quantum/action_layer.o
                0x00000000100013f4                layer_and
 .text.layer_xor
                0x0000000010001408       0x14 .build/obj_wraith_default/quantum/action_layer.o
                0x0000000010001408                layer_xor
 .text.layer_debug
                0x000000001000141c        0x2 .build/obj_wraith_default/quantum/action_layer.o
                0x000000001000141c                layer_debug
 .text.update_source_layers_cache_impl
                0x000000001000141e       0x30 .build/obj_wraith_default/quantum/action_layer.o
                0x000000001000141e                update_source_layers_cache_impl
 .text.read_source_layers_cache_impl
                0x000000001000144e       0x26 .build/obj_wraith_default/quantum/action_layer.o
                0x000000001000144e                read_source_layers_cache_impl
 .text.update_source_layers_cache
                0x0000000010001474       0x28 .build/obj_wraith_default/quantum/action_layer.o
                0x0000000010001474                update_source_layers_cache
 .text.read_source_layers_cache
                0x000000001000149c       0x28 .build/obj_wraith_default/quantum/action_layer.o
                0x000000001000149c                read_source_layers_cache
 .text.layer_switch_get_layer
                0x00000000100014c4       0x44 .build/obj_wraith_default/quantum/action_layer.o
                0x00000000100014c4                layer_switch_get_layer
 .text.layer_switch_get_action
                0x0000000010001508       0x14 .build/obj_wraith_default/quantum/action_layer.o
                0x0000000010001508                layer_switch_get_action
 .text.store_or_get_action
                0x000000001000151c       0x44 .build/obj_wraith_default/quantum/action_layer.o
                0x000000001000151c                store_or_get_action
 .text.debug_waiting_buffer
                0x0000000010001560       0x40 .build/obj_wraith_default/quantum/action_tapping.o
 .text.debug_tapping_key
                0x00000000100015a0       0x20 .build/obj_wraith_default/quantum/action_tapping.o
 .text.waiting_buffer_scan_tap
                0x00000000100015c0       0x80 .build/obj_wraith_default/quantum/action_tapping.o
 .text.waiting_buffer_typed.isra.0
                0x0000000010001640       0x48 .build/obj_wraith_default/quantum/action_tapping.o
 .text.process_tapping
                0x0000000010001688      0x290 .build/obj_wraith_default/quantum/action_tapping.o
 .text.action_tapping_process
                0x0000000010001918       0xbc .build/obj_wraith_default/quantum/action_tapping.o
                0x0000000010001918                action_tapping_process
 .text.add_key  0x00000000100019d4       0x14 .build/obj_wraith_default/quantum/action_util.o
                0x00000000100019d4                add_key
 .text.del_key  0x00000000100019e8       0x14 .build/obj_wraith_default/quantum/action_util.o
                0x00000000100019e8                del_key
 .text.clear_keys
                0x00000000100019fc       0x10 .build/obj_wraith_default/quantum/action_util.o
                0x00000000100019fc                clear_keys
 .text.get_oneshot_layer
                0x0000000010001a0c        0xc .build/obj_wraith_default/quantum/action_util.o
                0x0000000010001a0c                get_oneshot_layer
 .text.get_oneshot_layer_state
                0x0000000010001a18       0x10 .build/obj_wraith_default/quantum/action_util.o
                0x0000000010001a18                get_oneshot_layer_state
 .text.is_oneshot_layer_active
                0x0000000010001a28       0x14 .build/obj_wraith_default/quantum/action_util.o
                0x0000000010001a28                is_oneshot_layer_active
 .text.get_mods
                0x0000000010001a3c        0xc .build/obj_wraith_default/quantum/action_util.o
                0x0000000010001a3c                get_mods
 .text.add_mods
                0x0000000010001a48       0x10 .build/obj_wraith_default/quantum/action_util.o
                0x0000000010001a48                add_mods
 .text.del_mods
                0x0000000010001a58       0x10 .build/obj_wraith_default/quantum/action_util.o
                0x0000000010001a58                del_mods
 .text.clear_mods
                0x0000000010001a68        0xc .build/obj_wraith_default/quantum/action_util.o
                0x0000000010001a68                clear_mods
 .text.add_weak_mods
                0x0000000010001a74       0x10 .build/obj_wraith_default/quantum/action_util.o
                0x0000000010001a74                add_weak_mods
 .text.del_weak_mods
                0x0000000010001a84       0x10 .build/obj_wraith_default/quantum/action_util.o
                0x0000000010001a84                del_weak_mods
 .text.clear_weak_mods
                0x0000000010001a94        0xc .build/obj_wraith_default/quantum/action_util.o
                0x0000000010001a94                clear_weak_mods
 .text.get_oneshot_mods
                0x0000000010001aa0        0xc .build/obj_wraith_default/quantum/action_util.o
                0x0000000010001aa0                get_oneshot_mods
 .text.oneshot_locked_mods_changed_user
                0x0000000010001aac        0x2 .build/obj_wraith_default/quantum/action_util.o
                0x0000000010001aac                oneshot_locked_mods_changed_user
 .text.oneshot_locked_mods_changed_kb
                0x0000000010001aae        0x8 .build/obj_wraith_default/quantum/action_util.o
                0x0000000010001aae                oneshot_locked_mods_changed_kb
 *fill*         0x0000000010001ab6        0x2 
 .text.del_oneshot_locked_mods
                0x0000000010001ab8       0x1c .build/obj_wraith_default/quantum/action_util.o
                0x0000000010001ab8                del_oneshot_locked_mods
 .text.oneshot_mods_changed_user
                0x0000000010001ad4        0x2 .build/obj_wraith_default/quantum/action_util.o
                0x0000000010001ad4                oneshot_mods_changed_user
 .text.oneshot_mods_changed_kb
                0x0000000010001ad6        0x8 .build/obj_wraith_default/quantum/action_util.o
                0x0000000010001ad6                oneshot_mods_changed_kb
 *fill*         0x0000000010001ade        0x2 
 .text.add_oneshot_mods
                0x0000000010001ae0       0x1c .build/obj_wraith_default/quantum/action_util.o
                0x0000000010001ae0                add_oneshot_mods
 .text.del_oneshot_mods
                0x0000000010001afc       0x1c .build/obj_wraith_default/quantum/action_util.o
                0x0000000010001afc                del_oneshot_mods
 .text.clear_oneshot_mods
                0x0000000010001b18       0x18 .build/obj_wraith_default/quantum/action_util.o
                0x0000000010001b18                clear_oneshot_mods
 .text.send_keyboard_report
                0x0000000010001b30       0x64 .build/obj_wraith_default/quantum/action_util.o
                0x0000000010001b30                send_keyboard_report
 .text.oneshot_layer_changed_user
                0x0000000010001b94        0x2 .build/obj_wraith_default/quantum/action_util.o
                0x0000000010001b94                oneshot_layer_changed_user
 .text.oneshot_layer_changed_kb
                0x0000000010001b96        0x8 .build/obj_wraith_default/quantum/action_util.o
                0x0000000010001b96                oneshot_layer_changed_kb
 *fill*         0x0000000010001b9e        0x2 
 .text.set_oneshot_layer
                0x0000000010001ba0       0x30 .build/obj_wraith_default/quantum/action_util.o
                0x0000000010001ba0                set_oneshot_layer
 .text.reset_oneshot_layer
                0x0000000010001bd0       0x14 .build/obj_wraith_default/quantum/action_util.o
                0x0000000010001bd0                reset_oneshot_layer
 .text.clear_oneshot_layer_state
                0x0000000010001be4       0x30 .build/obj_wraith_default/quantum/action_util.o
                0x0000000010001be4                clear_oneshot_layer_state
 .text.oneshot_set
                0x0000000010001c14       0x30 .build/obj_wraith_default/quantum/action_util.o
                0x0000000010001c14                oneshot_set
 .text.oneshot_toggle
                0x0000000010001c44       0x18 .build/obj_wraith_default/quantum/action_util.o
                0x0000000010001c44                oneshot_toggle
 .text.oneshot_enable
                0x0000000010001c5c        0xa .build/obj_wraith_default/quantum/action_util.o
                0x0000000010001c5c                oneshot_enable
 .text.oneshot_disable
                0x0000000010001c66        0xa .build/obj_wraith_default/quantum/action_util.o
                0x0000000010001c66                oneshot_disable
 .text.eeconfig_disable
                0x0000000010001c70       0x14 .build/obj_wraith_default/quantum/eeconfig.o
                0x0000000010001c70                eeconfig_disable
 .text.eeconfig_is_enabled
                0x0000000010001c84       0x18 .build/obj_wraith_default/quantum/eeconfig.o
                0x0000000010001c84                eeconfig_is_enabled
 .text.eeconfig_read_debug
                0x0000000010001c9c        0xa .build/obj_wraith_default/quantum/eeconfig.o
                0x0000000010001c9c                eeconfig_read_debug
 .text.eeconfig_read_default_layer
                0x0000000010001ca6        0xa .build/obj_wraith_default/quantum/eeconfig.o
                0x0000000010001ca6                eeconfig_read_default_layer
 .text.eeconfig_read_keymap
                0x0000000010001cb0        0xa .build/obj_wraith_default/quantum/eeconfig.o
                0x0000000010001cb0                eeconfig_read_keymap
 .text.eeconfig_update_keymap
                0x0000000010001cba        0xc .build/obj_wraith_default/quantum/eeconfig.o
                0x0000000010001cba                eeconfig_update_keymap
 .text.eeconfig_read_kb
                0x0000000010001cc6        0xa .build/obj_wraith_default/quantum/eeconfig.o
                0x0000000010001cc6                eeconfig_read_kb
 .text.eeconfig_update_kb
                0x0000000010001cd0        0xc .build/obj_wraith_default/quantum/eeconfig.o
                0x0000000010001cd0                eeconfig_update_kb
 .text.eeconfig_update_user
                0x0000000010001cdc        0xc .build/obj_wraith_default/quantum/eeconfig.o
                0x0000000010001cdc                eeconfig_update_user
 .text.eeconfig_init_user
                0x0000000010001ce8        0xa .build/obj_wraith_default/quantum/eeconfig.o
                0x0000000010001ce8                eeconfig_init_user
 *fill*         0x0000000010001cf2        0x2 
 .text.eeconfig_init_quantum
                0x0000000010001cf4       0x90 .build/obj_wraith_default/quantum/eeconfig.o
                0x0000000010001cf4                eeconfig_init_quantum
 .text.eeconfig_init
                0x0000000010001d84        0x8 .build/obj_wraith_default/quantum/eeconfig.o
                0x0000000010001d84                eeconfig_init
 .text.eeconfig_update_handedness
                0x0000000010001d8c        0xc .build/obj_wraith_default/quantum/eeconfig.o
                0x0000000010001d8c                eeconfig_update_handedness
 .text.generate_tick_event
                0x0000000010001d98       0x30 .build/obj_wraith_default/quantum/keyboard.o
 .text.last_matrix_activity_trigger
                0x0000000010001dc8       0x18 .build/obj_wraith_default/quantum/keyboard.o
                0x0000000010001dc8                last_matrix_activity_trigger
 .text.last_pointing_device_activity_trigger
                0x0000000010001de0       0x18 .build/obj_wraith_default/quantum/keyboard.o
                0x0000000010001de0                last_pointing_device_activity_trigger
 .text.matrix_setup
                0x0000000010001df8        0x2 .build/obj_wraith_default/quantum/keyboard.o
                0x0000000010001df8                matrix_setup
 .text.keyboard_pre_init_user
                0x0000000010001dfa        0x2 .build/obj_wraith_default/quantum/keyboard.o
                0x0000000010001dfa                keyboard_pre_init_user
 .text.keyboard_pre_init_kb
                0x0000000010001dfc        0x8 .build/obj_wraith_default/quantum/keyboard.o
                0x0000000010001dfc                keyboard_pre_init_kb
 .text.keyboard_post_init_user
                0x0000000010001e04        0x2 .build/obj_wraith_default/quantum/keyboard.o
                0x0000000010001e04                keyboard_post_init_user
 .text.keyboard_post_init_kb
                0x0000000010001e06        0x8 .build/obj_wraith_default/quantum/keyboard.o
                0x0000000010001e06                keyboard_post_init_kb
 .text.matrix_can_read
                0x0000000010001e0e        0x4 .build/obj_wraith_default/quantum/keyboard.o
                0x0000000010001e0e                matrix_can_read
 *fill*         0x0000000010001e12        0x2 
 .text.keyboard_setup
                0x0000000010001e14       0x1c .build/obj_wraith_default/quantum/keyboard.o
                0x0000000010001e14                keyboard_setup
 .text.should_process_keypress
                0x0000000010001e30        0x8 .build/obj_wraith_default/quantum/keyboard.o
                0x0000000010001e30                should_process_keypress
 .text.housekeeping_task_kb
                0x0000000010001e38        0x2 .build/obj_wraith_default/quantum/keyboard.o
                0x0000000010001e38                housekeeping_task_kb
 .text.housekeeping_task_user
                0x0000000010001e3a        0x2 .build/obj_wraith_default/quantum/keyboard.o
                0x0000000010001e3a                housekeeping_task_user
 .text.housekeeping_task
                0x0000000010001e3c        0xc .build/obj_wraith_default/quantum/keyboard.o
                0x0000000010001e3c                housekeeping_task
 .text.quantum_init
                0x0000000010001e48       0x10 .build/obj_wraith_default/quantum/keyboard.o
                0x0000000010001e48                quantum_init
 .text.keyboard_init
                0x0000000010001e58       0x2e .build/obj_wraith_default/quantum/keyboard.o
                0x0000000010001e58                keyboard_init
 *fill*         0x0000000010001e86        0x2 
 .text.keyboard_task
                0x0000000010001e88      0x104 .build/obj_wraith_default/quantum/keyboard.o
                0x0000000010001e88                keyboard_task
 .text.action_for_keycode
                0x0000000010001f8c      0x1d0 .build/obj_wraith_default/quantum/keymap_common.o
                0x0000000010001f8c                action_for_keycode
 .text.keymap_key_to_keycode
                0x000000001000215c       0x20 .build/obj_wraith_default/quantum/keymap_common.o
                0x000000001000215c                keymap_key_to_keycode
 .text.action_for_key
                0x000000001000217c       0x12 .build/obj_wraith_default/quantum/keymap_common.o
                0x000000001000217c                action_for_key
 *fill*         0x000000001000218e        0x2 
 .text.keycode_config
                0x0000000010002190      0x100 .build/obj_wraith_default/quantum/keycode_config.o
                0x0000000010002190                keycode_config
 .text.mod_config
                0x0000000010002290       0x98 .build/obj_wraith_default/quantum/keycode_config.o
                0x0000000010002290                mod_config
 .text.sync_timer_init
                0x0000000010002328        0xc .build/obj_wraith_default/quantum/sync_timer.o
                0x0000000010002328                sync_timer_init
 .text.sync_timer_update
                0x0000000010002334       0x1c .build/obj_wraith_default/quantum/sync_timer.o
                0x0000000010002334                sync_timer_update
 .text.sync_timer_read32
                0x0000000010002350       0x20 .build/obj_wraith_default/quantum/sync_timer.o
                0x0000000010002350                sync_timer_read32
 .text.sync_timer_elapsed32
                0x0000000010002370       0x1c .build/obj_wraith_default/quantum/sync_timer.o
                0x0000000010002370                sync_timer_elapsed32
 .text.sendchar
                0x000000001000238c        0x4 .build/obj_wraith_default/quantum/logging/sendchar.o
                0x000000001000238c                sendchar
 .text.null_sendchar_func
                0x0000000010002390        0x4 .build/obj_wraith_default/quantum/logging/print.o
 .text.print_set_sendchar
                0x0000000010002394        0xc .build/obj_wraith_default/quantum/logging/print.o
                0x0000000010002394                print_set_sendchar
 .text.bootmagic_lite_reset_eeprom
                0x00000000100023a0        0x8 .build/obj_wraith_default/quantum/bootmagic/bootmagic_lite.o
                0x00000000100023a0                bootmagic_lite_reset_eeprom
 .text.bootmagic_lite
                0x00000000100023a8       0x28 .build/obj_wraith_default/quantum/bootmagic/bootmagic_lite.o
                0x00000000100023a8                bootmagic_lite
 .text.bootmagic
                0x00000000100023d0        0x8 .build/obj_wraith_default/quantum/bootmagic/bootmagic_lite.o
                0x00000000100023d0                bootmagic
 .text.magic    0x00000000100023d8       0x44 .build/obj_wraith_default/quantum/bootmagic/magic.o
                0x00000000100023d8                magic
 .text.matrix_init_user
                0x000000001000241c        0x2 .build/obj_wraith_default/quantum/matrix_common.o
                0x000000001000241c                matrix_init_user
 .text.matrix_scan_user
                0x000000001000241e        0x2 .build/obj_wraith_default/quantum/matrix_common.o
                0x000000001000241e                matrix_scan_user
 .text.matrix_get_row
                0x0000000010002420        0xc .build/obj_wraith_default/quantum/matrix_common.o
                0x0000000010002420                matrix_get_row
 .text.matrix_print
                0x000000001000242c        0x2 .build/obj_wraith_default/quantum/matrix_common.o
                0x000000001000242c                matrix_print
 .text.matrix_io_delay
                0x000000001000242e        0xa .build/obj_wraith_default/quantum/matrix_common.o
                0x000000001000242e                matrix_io_delay
 .text.matrix_output_select_delay
                0x0000000010002438      0x184 .build/obj_wraith_default/quantum/matrix_common.o
                0x0000000010002438                matrix_output_select_delay
 .text.matrix_output_unselect_delay
                0x00000000100025bc        0x8 .build/obj_wraith_default/quantum/matrix_common.o
                0x00000000100025bc                matrix_output_unselect_delay
 .text.matrix_slave_scan_user
                0x00000000100025c4        0x2 .build/obj_wraith_default/quantum/matrix_common.o
                0x00000000100025c4                matrix_slave_scan_user
 .text.matrix_slave_scan_kb
                0x00000000100025c6        0x8 .build/obj_wraith_default/quantum/matrix_common.o
                0x00000000100025c6                matrix_slave_scan_kb
 *fill*         0x00000000100025ce        0x2 
 .text.matrix_post_scan
                0x00000000100025d0       0x80 .build/obj_wraith_default/quantum/matrix_common.o
                0x00000000100025d0                matrix_post_scan
 .text.setPinInputHigh_atomic
                0x0000000010002650       0x44 .build/obj_wraith_default/quantum/matrix.o
 .text.matrix_init_pins
                0x0000000010002694       0x38 .build/obj_wraith_default/quantum/matrix.o
                0x0000000010002694                matrix_init_pins
 .text.matrix_read_cols_on_row
                0x00000000100026cc       0xbc .build/obj_wraith_default/quantum/matrix.o
                0x00000000100026cc                matrix_read_cols_on_row
 .text.matrix_init
                0x0000000010002788       0x54 .build/obj_wraith_default/quantum/matrix.o
                0x0000000010002788                matrix_init
 .text.matrix_scan
                0x00000000100027dc       0x64 .build/obj_wraith_default/quantum/matrix.o
                0x00000000100027dc                matrix_scan
 .text.debounce_init
                0x0000000010002840        0x2 .build/obj_wraith_default/quantum/debounce/sym_defer_g.o
                0x0000000010002840                debounce_init
 *fill*         0x0000000010002842        0x2 
 .text.debounce
                0x0000000010002844       0x60 .build/obj_wraith_default/quantum/debounce/sym_defer_g.o
                0x0000000010002844                debounce
 .text.is_keyboard_left
                0x00000000100028a4        0xc .build/obj_wraith_default/quantum/split_common/split_util.o
                0x00000000100028a4                is_keyboard_left
 .text.is_keyboard_master
                0x00000000100028b0       0x44 .build/obj_wraith_default/quantum/split_common/split_util.o
                0x00000000100028b0                is_keyboard_master
 .text.split_pre_init
                0x00000000100028f4       0x40 .build/obj_wraith_default/quantum/split_common/split_util.o
                0x00000000100028f4                split_pre_init
 .text.split_post_init
                0x0000000010002934       0x10 .build/obj_wraith_default/quantum/split_common/split_util.o
                0x0000000010002934                split_post_init
 .text.is_transport_connected
                0x0000000010002944       0x14 .build/obj_wraith_default/quantum/split_common/split_util.o
                0x0000000010002944                is_transport_connected
 .text.transport_master_if_connected
                0x0000000010002958       0x64 .build/obj_wraith_default/quantum/split_common/split_util.o
                0x0000000010002958                transport_master_if_connected
 .text.transport_master_init
                0x00000000100029bc        0x8 .build/obj_wraith_default/quantum/split_common/transport.o
                0x00000000100029bc                transport_master_init
 .text.transport_slave_init
                0x00000000100029c4        0x8 .build/obj_wraith_default/quantum/split_common/transport.o
                0x00000000100029c4                transport_slave_init
 .text.transport_execute_transaction
                0x00000000100029cc       0x6c .build/obj_wraith_default/quantum/split_common/transport.o
                0x00000000100029cc                transport_execute_transaction
 .text.transport_master
                0x0000000010002a38        0x8 .build/obj_wraith_default/quantum/split_common/transport.o
                0x0000000010002a38                transport_master
 .text.transport_slave
                0x0000000010002a40        0x8 .build/obj_wraith_default/quantum/split_common/transport.o
                0x0000000010002a40                transport_slave
 .text.read_if_checksum_mismatch
                0x0000000010002a48       0x80 .build/obj_wraith_default/quantum/split_common/transactions.o
 .text.slave_matrix_handlers_master
                0x0000000010002ac8       0x4c .build/obj_wraith_default/quantum/split_common/transactions.o
 .text.pointing_handlers_master
                0x0000000010002b14       0x70 .build/obj_wraith_default/quantum/split_common/transactions.o
 .text.sync_timer_handlers_master
                0x0000000010002b84       0x3c .build/obj_wraith_default/quantum/split_common/transactions.o
 .text.rgb_matrix_handlers_master
                0x0000000010002bc0       0x68 .build/obj_wraith_default/quantum/split_common/transactions.o
 .text.transaction_handler_master.constprop.0
                0x0000000010002c28       0x46 .build/obj_wraith_default/quantum/split_common/transactions.o
 *fill*         0x0000000010002c6e        0x2 
 .text.transactions_master
                0x0000000010002c70       0x4c .build/obj_wraith_default/quantum/split_common/transactions.o
                0x0000000010002c70                transactions_master
 .text.transactions_slave
                0x0000000010002cbc      0x110 .build/obj_wraith_default/quantum/split_common/transactions.o
                0x0000000010002cbc                transactions_slave
 .text.protocol_init
                0x0000000010002dcc       0x10 .build/obj_wraith_default/quantum/main.o
                0x0000000010002dcc                protocol_init
 .text.protocol_task
                0x0000000010002ddc       0x10 .build/obj_wraith_default/quantum/main.o
                0x0000000010002ddc                protocol_task
 .text.startup.main
                0x0000000010002dec       0x1c .build/obj_wraith_default/quantum/main.o
                0x0000000010002dec                main
 .text.times_inv_sqrt2
                0x0000000010002e08       0x1a .build/obj_wraith_default/quantum/mousekey.o
 *fill*         0x0000000010002e22        0x2 
 .text.move_unit
                0x0000000010002e24       0x70 .build/obj_wraith_default/quantum/mousekey.o
 .text.wheel_unit
                0x0000000010002e94       0x68 .build/obj_wraith_default/quantum/mousekey.o
 .text.mousekey_on
                0x0000000010002efc       0xc4 .build/obj_wraith_default/quantum/mousekey.o
                0x0000000010002efc                mousekey_on
 .text.mousekey_off
                0x0000000010002fc0      0x108 .build/obj_wraith_default/quantum/mousekey.o
                0x0000000010002fc0                mousekey_off
 .text.mousekey_send
                0x00000000100030c8       0x40 .build/obj_wraith_default/quantum/mousekey.o
                0x00000000100030c8                mousekey_send
 .text.mousekey_clear
                0x0000000010003108       0x2c .build/obj_wraith_default/quantum/mousekey.o
                0x0000000010003108                mousekey_clear
 .text.mousekey_get_report
                0x0000000010003134       0x14 .build/obj_wraith_default/quantum/mousekey.o
                0x0000000010003134                mousekey_get_report
 .text.should_mousekey_report_send
                0x0000000010003148       0x2c .build/obj_wraith_default/quantum/mousekey.o
                0x0000000010003148                should_mousekey_report_send
 .text.mousekey_task
                0x0000000010003174      0x1e0 .build/obj_wraith_default/quantum/mousekey.o
                0x0000000010003174                mousekey_task
 .text.pointing_device_set_shared_report
                0x0000000010003354       0x1c .build/obj_wraith_default/quantum/pointing_device/pointing_device.o
                0x0000000010003354                pointing_device_set_shared_report
 .text.pointing_device_get_shared_cpi
                0x0000000010003370        0xc .build/obj_wraith_default/quantum/pointing_device/pointing_device.o
                0x0000000010003370                pointing_device_get_shared_cpi
 .text.pointing_device_init_kb
                0x000000001000337c        0x2 .build/obj_wraith_default/quantum/pointing_device/pointing_device.o
                0x000000001000337c                pointing_device_init_kb
 .text.pointing_device_init_user
                0x000000001000337e        0x2 .build/obj_wraith_default/quantum/pointing_device/pointing_device.o
                0x000000001000337e                pointing_device_init_user
 .text.pointing_device_task_user
                0x0000000010003380       0x18 .build/obj_wraith_default/quantum/pointing_device/pointing_device.o
                0x0000000010003380                pointing_device_task_user
 .text.pointing_device_handle_buttons
                0x0000000010003398       0x18 .build/obj_wraith_default/quantum/pointing_device/pointing_device.o
                0x0000000010003398                pointing_device_handle_buttons
 .text.pointing_device_init
                0x00000000100033b0       0x20 .build/obj_wraith_default/quantum/pointing_device/pointing_device.o
                0x00000000100033b0                pointing_device_init
 .text.pointing_device_send
                0x00000000100033d0       0x4c .build/obj_wraith_default/quantum/pointing_device/pointing_device.o
                0x00000000100033d0                pointing_device_send
 .text.pointing_device_adjust_by_defines
                0x000000001000341c       0x20 .build/obj_wraith_default/quantum/pointing_device/pointing_device.o
                0x000000001000341c                pointing_device_adjust_by_defines
 .text.pointing_device_task
                0x000000001000343c      0x138 .build/obj_wraith_default/quantum/pointing_device/pointing_device.o
                0x000000001000343c                pointing_device_task
 .text.pointing_device_set_cpi
                0x0000000010003574       0x28 .build/obj_wraith_default/quantum/pointing_device/pointing_device.o
                0x0000000010003574                pointing_device_set_cpi
 .text.pointing_device_keycode_handler
                0x000000001000359c       0x24 .build/obj_wraith_default/quantum/pointing_device/pointing_device.o
                0x000000001000359c                pointing_device_keycode_handler
 .text.pmw33xx_get_report
                0x00000000100035c0       0x58 .build/obj_wraith_default/quantum/pointing_device/pointing_device_drivers.o
                0x00000000100035c0                pmw33xx_get_report
 .text.pmw33xx_get_cpi_wrapper
                0x0000000010003618        0xa .build/obj_wraith_default/quantum/pointing_device/pointing_device_drivers.o
 .text.pmw33xx_set_cpi_wrapper
                0x0000000010003622        0xc .build/obj_wraith_default/quantum/pointing_device/pointing_device_drivers.o
 .text.unlikely.pmw33xx_init_wrapper
                0x000000001000362e        0xa .build/obj_wraith_default/quantum/pointing_device/pointing_device_drivers.o
 .text.pmw33xx_get_cpi
                0x0000000010003638       0x1e .build/obj_wraith_default/drivers/sensors/pmw3360.o
                0x0000000010003638                pmw33xx_get_cpi
 .text.pmw33xx_set_cpi
                0x0000000010003656       0x32 .build/obj_wraith_default/drivers/sensors/pmw3360.o
                0x0000000010003656                pmw33xx_set_cpi
 .text.pmw33xx_spi_start
                0x0000000010003688       0x3c .build/obj_wraith_default/drivers/sensors/pmw33xx_common.o
                0x0000000010003688                pmw33xx_spi_start
 .text.pmw33xx_write
                0x00000000100036c4       0x5c .build/obj_wraith_default/drivers/sensors/pmw33xx_common.o
                0x00000000100036c4                pmw33xx_write
 .text.pmw33xx_read
                0x0000000010003720       0x36 .build/obj_wraith_default/drivers/sensors/pmw33xx_common.o
                0x0000000010003720                pmw33xx_read
 *fill*         0x0000000010003756        0x2 
 .text.unlikely.pmw33xx_check_signature
                0x0000000010003758       0x38 .build/obj_wraith_default/drivers/sensors/pmw33xx_common.o
                0x0000000010003758                pmw33xx_check_signature
 .text.unlikely.pmw33xx_upload_firmware
                0x0000000010003790       0x7c .build/obj_wraith_default/drivers/sensors/pmw33xx_common.o
                0x0000000010003790                pmw33xx_upload_firmware
 .text.unlikely.pmw33xx_init
                0x000000001000380c       0xc0 .build/obj_wraith_default/drivers/sensors/pmw33xx_common.o
                0x000000001000380c                pmw33xx_init
 .text.pmw33xx_read_burst
                0x00000000100038cc       0xa8 .build/obj_wraith_default/drivers/sensors/pmw33xx_common.o
                0x00000000100038cc                pmw33xx_read_burst
 .text.eeprom_read_byte
                0x0000000010003974       0x1a .build/obj_wraith_default/eeprom_driver.o
                0x0000000010003974                eeprom_read_byte
 .text.eeprom_read_word
                0x000000001000398e       0x1a .build/obj_wraith_default/eeprom_driver.o
                0x000000001000398e                eeprom_read_word
 .text.eeprom_read_dword
                0x00000000100039a8       0x14 .build/obj_wraith_default/eeprom_driver.o
                0x00000000100039a8                eeprom_read_dword
 .text.eeprom_write_byte
                0x00000000100039bc       0x14 .build/obj_wraith_default/eeprom_driver.o
                0x00000000100039bc                eeprom_write_byte
 .text.eeprom_write_word
                0x00000000100039d0       0x14 .build/obj_wraith_default/eeprom_driver.o
                0x00000000100039d0                eeprom_write_word
 .text.eeprom_write_dword
                0x00000000100039e4       0x10 .build/obj_wraith_default/eeprom_driver.o
                0x00000000100039e4                eeprom_write_dword
 .text.eeprom_update_block
                0x00000000100039f4       0x3a .build/obj_wraith_default/eeprom_driver.o
                0x00000000100039f4                eeprom_update_block
 .text.eeprom_update_byte
                0x0000000010003a2e       0x18 .build/obj_wraith_default/eeprom_driver.o
                0x0000000010003a2e                eeprom_update_byte
 .text.eeprom_update_word
                0x0000000010003a46       0x18 .build/obj_wraith_default/eeprom_driver.o
                0x0000000010003a46                eeprom_update_word
 .text.eeprom_update_dword
                0x0000000010003a5e       0x18 .build/obj_wraith_default/eeprom_driver.o
                0x0000000010003a5e                eeprom_update_dword
 .text.eeprom_driver_init
                0x0000000010003a76        0x8 .build/obj_wraith_default/eeprom_wear_leveling.o
                0x0000000010003a76                eeprom_driver_init
 .text.eeprom_driver_erase
                0x0000000010003a7e        0x8 .build/obj_wraith_default/eeprom_wear_leveling.o
                0x0000000010003a7e                eeprom_driver_erase
 .text.eeprom_read_block
                0x0000000010003a86        0xe .build/obj_wraith_default/eeprom_wear_leveling.o
                0x0000000010003a86                eeprom_read_block
 .text.eeprom_write_block
                0x0000000010003a94        0xe .build/obj_wraith_default/eeprom_wear_leveling.o
                0x0000000010003a94                eeprom_write_block
 *fill*         0x0000000010003aa2        0x2 
 .text.wear_leveling_clear_cache
                0x0000000010003aa4       0x20 .build/obj_wraith_default/wear_leveling.o
 .text.wear_leveling_unlock
                0x0000000010003ac4       0x24 .build/obj_wraith_default/wear_leveling.o
 .text.wear_leveling_lock
                0x0000000010003ae8       0x28 .build/obj_wraith_default/wear_leveling.o
 .text.wear_leveling_erase
                0x0000000010003b10       0x2e .build/obj_wraith_default/wear_leveling.o
                0x0000000010003b10                wear_leveling_erase
 *fill*         0x0000000010003b3e        0x2 
 .text.wear_leveling_read
                0x0000000010003b40       0x24 .build/obj_wraith_default/wear_leveling.o
                0x0000000010003b40                wear_leveling_read
 .text.wear_leveling_consolidate_force
                0x0000000010003b64       0x6c .build/obj_wraith_default/wear_leveling.o
 .text.wear_leveling_consolidate_if_needed
                0x0000000010003bd0       0x20 .build/obj_wraith_default/wear_leveling.o
 .text.wear_leveling_append_raw
                0x0000000010003bf0       0x28 .build/obj_wraith_default/wear_leveling.o
 .text.wear_leveling_write
                0x0000000010003c18      0x164 .build/obj_wraith_default/wear_leveling.o
                0x0000000010003c18                wear_leveling_write
 .text.wear_leveling_init
                0x0000000010003d7c      0x188 .build/obj_wraith_default/wear_leveling.o
                0x0000000010003d7c                wear_leveling_init
 .text.backing_store_init
                0x0000000010003f04       0x1c .build/obj_wraith_default/wear_leveling_rp2040_flash.o
                0x0000000010003f04                backing_store_init
 .text.backing_store_unlock
                0x0000000010003f20        0x4 .build/obj_wraith_default/wear_leveling_rp2040_flash.o
                0x0000000010003f20                backing_store_unlock
 .text.backing_store_erase
                0x0000000010003f24       0x28 .build/obj_wraith_default/wear_leveling_rp2040_flash.o
                0x0000000010003f24                backing_store_erase
 .text.backing_store_write_bulk
                0x0000000010003f4c       0x24 .build/obj_wraith_default/wear_leveling_rp2040_flash.o
                0x0000000010003f4c                backing_store_write_bulk
 .text.backing_store_write
                0x0000000010003f70       0x12 .build/obj_wraith_default/wear_leveling_rp2040_flash.o
                0x0000000010003f70                backing_store_write
 .text.backing_store_lock
                0x0000000010003f82        0x4 .build/obj_wraith_default/wear_leveling_rp2040_flash.o
                0x0000000010003f82                backing_store_lock
 *fill*         0x0000000010003f86        0x2 
 .text.backing_store_read_bulk
                0x0000000010003f88       0x20 .build/obj_wraith_default/wear_leveling_rp2040_flash.o
                0x0000000010003f88                backing_store_read_bulk
 .text.backing_store_read
                0x0000000010003fa8        0xa .build/obj_wraith_default/wear_leveling_rp2040_flash.o
                0x0000000010003fa8                backing_store_read
 *fill*         0x0000000010003fb2        0x2 
 .text.hsv_to_rgb_impl
                0x0000000010003fb4       0xc0 .build/obj_wraith_default/quantum/color.o
                0x0000000010003fb4                hsv_to_rgb_impl
 .text.hsv_to_rgb
                0x0000000010004074       0x2c .build/obj_wraith_default/quantum/color.o
                0x0000000010004074                hsv_to_rgb
 .text.sqrt16   0x00000000100040a0       0x44 .build/obj_wraith_default/quantum/rgb_matrix/rgb_matrix.o
 .text.sin8_C   0x00000000100040e4       0x48 .build/obj_wraith_default/quantum/rgb_matrix/rgb_matrix.o
 .text.CYCLE_ALL_math
                0x000000001000412c       0x22 .build/obj_wraith_default/quantum/rgb_matrix/rgb_matrix.o
 *fill*         0x000000001000414e        0x2 
 .text.CYCLE_LEFT_RIGHT_math
                0x0000000010004150       0x30 .build/obj_wraith_default/quantum/rgb_matrix/rgb_matrix.o
 .text.CYCLE_SPIRAL_math
                0x0000000010004180       0x6c .build/obj_wraith_default/quantum/rgb_matrix/rgb_matrix.o
 .text.RAINBOW_BEACON_math
                0x00000000100041ec       0x48 .build/obj_wraith_default/quantum/rgb_matrix/rgb_matrix.o
 .text.SOLID_REACTIVE_SIMPLE_math
                0x0000000010004234       0x30 .build/obj_wraith_default/quantum/rgb_matrix/rgb_matrix.o
 .text.SOLID_REACTIVE_math
                0x0000000010004264       0x34 .build/obj_wraith_default/quantum/rgb_matrix/rgb_matrix.o
 .text.eeconfig_flag_rgb_matrix
                0x0000000010004298       0x10 .build/obj_wraith_default/quantum/rgb_matrix/rgb_matrix.o
 .text.rgb_matrix_check_finished_leds
                0x00000000100042a8       0x1a .build/obj_wraith_default/quantum/rgb_matrix/rgb_matrix.o
 *fill*         0x00000000100042c2        0x2 
 .text.eeconfig_init_rgb_matrix
                0x00000000100042c4       0x20 .build/obj_wraith_default/quantum/rgb_matrix/rgb_matrix.o
 .text.eeconfig_flush_rgb_matrix.part.0
                0x00000000100042e4       0x1c .build/obj_wraith_default/quantum/rgb_matrix/rgb_matrix.o
 .text.rgb_matrix_hsv_to_rgb
                0x0000000010004300       0x28 .build/obj_wraith_default/quantum/rgb_matrix/rgb_matrix.o
                0x0000000010004300                rgb_matrix_hsv_to_rgb
 .text.process_rgb_matrix_typing_heatmap
                0x0000000010004328       0xc8 .build/obj_wraith_default/quantum/rgb_matrix/rgb_matrix.o
                0x0000000010004328                process_rgb_matrix_typing_heatmap
 .text.eeconfig_update_rgb_matrix_default
                0x00000000100043f0       0x28 .build/obj_wraith_default/quantum/rgb_matrix/rgb_matrix.o
                0x00000000100043f0                eeconfig_update_rgb_matrix_default
 .text.rgb_matrix_map_row_column_to_led_kb
                0x0000000010004418        0x4 .build/obj_wraith_default/quantum/rgb_matrix/rgb_matrix.o
                0x0000000010004418                rgb_matrix_map_row_column_to_led_kb
 .text.rgb_matrix_map_row_column_to_led
                0x000000001000441c       0x28 .build/obj_wraith_default/quantum/rgb_matrix/rgb_matrix.o
                0x000000001000441c                rgb_matrix_map_row_column_to_led
 .text.rgb_matrix_update_pwm_buffers
                0x0000000010004444       0x10 .build/obj_wraith_default/quantum/rgb_matrix/rgb_matrix.o
                0x0000000010004444                rgb_matrix_update_pwm_buffers
 .text.rgb_matrix_set_color
                0x0000000010004454       0x10 .build/obj_wraith_default/quantum/rgb_matrix/rgb_matrix.o
                0x0000000010004454                rgb_matrix_set_color
 .text.effect_runner_dx_dy_dist
                0x0000000010004464      0x10c .build/obj_wraith_default/quantum/rgb_matrix/rgb_matrix.o
                0x0000000010004464                effect_runner_dx_dy_dist
 .text.CYCLE_SPIRAL
                0x0000000010004570       0x10 .build/obj_wraith_default/quantum/rgb_matrix/rgb_matrix.o
                0x0000000010004570                CYCLE_SPIRAL
 .text.effect_runner_i
                0x0000000010004580       0xd4 .build/obj_wraith_default/quantum/rgb_matrix/rgb_matrix.o
                0x0000000010004580                effect_runner_i
 .text.CYCLE_ALL
                0x0000000010004654       0x10 .build/obj_wraith_default/quantum/rgb_matrix/rgb_matrix.o
                0x0000000010004654                CYCLE_ALL
 .text.CYCLE_LEFT_RIGHT
                0x0000000010004664       0x10 .build/obj_wraith_default/quantum/rgb_matrix/rgb_matrix.o
                0x0000000010004664                CYCLE_LEFT_RIGHT
 .text.effect_runner_sin_cos_i
                0x0000000010004674       0xf0 .build/obj_wraith_default/quantum/rgb_matrix/rgb_matrix.o
                0x0000000010004674                effect_runner_sin_cos_i
 .text.RAINBOW_BEACON
                0x0000000010004764       0x10 .build/obj_wraith_default/quantum/rgb_matrix/rgb_matrix.o
                0x0000000010004764                RAINBOW_BEACON
 .text.effect_runner_reactive
                0x0000000010004774      0x124 .build/obj_wraith_default/quantum/rgb_matrix/rgb_matrix.o
                0x0000000010004774                effect_runner_reactive
 .text.SOLID_REACTIVE_SIMPLE
                0x0000000010004898       0x10 .build/obj_wraith_default/quantum/rgb_matrix/rgb_matrix.o
                0x0000000010004898                SOLID_REACTIVE_SIMPLE
 .text.SOLID_REACTIVE
                0x00000000100048a8       0x10 .build/obj_wraith_default/quantum/rgb_matrix/rgb_matrix.o
                0x00000000100048a8                SOLID_REACTIVE
 .text.SOLID_COLOR
                0x00000000100048b8       0x98 .build/obj_wraith_default/quantum/rgb_matrix/rgb_matrix.o
                0x00000000100048b8                SOLID_COLOR
 .text.BREATHING
                0x0000000010004950       0xd0 .build/obj_wraith_default/quantum/rgb_matrix/rgb_matrix.o
                0x0000000010004950                BREATHING
 .text.rgb_matrix_set_color_all
                0x0000000010004a20       0x1e .build/obj_wraith_default/quantum/rgb_matrix/rgb_matrix.o
                0x0000000010004a20                rgb_matrix_set_color_all
 *fill*         0x0000000010004a3e        0x2 
 .text.TYPING_HEATMAP
                0x0000000010004a40      0x180 .build/obj_wraith_default/quantum/rgb_matrix/rgb_matrix.o
                0x0000000010004a40                TYPING_HEATMAP
 .text.process_rgb_matrix
                0x0000000010004bc0       0xe4 .build/obj_wraith_default/quantum/rgb_matrix/rgb_matrix.o
                0x0000000010004bc0                process_rgb_matrix
 .text.rgb_matrix_indicators_user
                0x0000000010004ca4        0x4 .build/obj_wraith_default/quantum/rgb_matrix/rgb_matrix.o
                0x0000000010004ca4                rgb_matrix_indicators_user
 .text.rgb_matrix_indicators_kb
                0x0000000010004ca8        0x8 .build/obj_wraith_default/quantum/rgb_matrix/rgb_matrix.o
                0x0000000010004ca8                rgb_matrix_indicators_kb
 .text.rgb_matrix_indicators_advanced_user
                0x0000000010004cb0        0x4 .build/obj_wraith_default/quantum/rgb_matrix/rgb_matrix.o
                0x0000000010004cb0                rgb_matrix_indicators_advanced_user
 .text.rgb_matrix_indicators_advanced_kb
                0x0000000010004cb4        0x8 .build/obj_wraith_default/quantum/rgb_matrix/rgb_matrix.o
                0x0000000010004cb4                rgb_matrix_indicators_advanced_kb
 .text.rgb_matrix_indicators_advanced
                0x0000000010004cbc       0x46 .build/obj_wraith_default/quantum/rgb_matrix/rgb_matrix.o
                0x0000000010004cbc                rgb_matrix_indicators_advanced
 *fill*         0x0000000010004d02        0x2 
 .text.rgb_matrix_task
                0x0000000010004d04      0x1d8 .build/obj_wraith_default/quantum/rgb_matrix/rgb_matrix.o
                0x0000000010004d04                rgb_matrix_task
 .text.rgb_matrix_init
                0x0000000010004edc       0x60 .build/obj_wraith_default/quantum/rgb_matrix/rgb_matrix.o
                0x0000000010004edc                rgb_matrix_init
 .text.rgb_matrix_set_suspend_state
                0x0000000010004f3c        0x2 .build/obj_wraith_default/quantum/rgb_matrix/rgb_matrix.o
                0x0000000010004f3c                rgb_matrix_set_suspend_state
 .text.rgb_matrix_get_suspend_state
                0x0000000010004f3e        0x4 .build/obj_wraith_default/quantum/rgb_matrix/rgb_matrix.o
                0x0000000010004f3e                rgb_matrix_get_suspend_state
 *fill*         0x0000000010004f42        0x2 
 .text.rgb_matrix_toggle_eeprom_helper
                0x0000000010004f44       0x20 .build/obj_wraith_default/quantum/rgb_matrix/rgb_matrix.o
                0x0000000010004f44                rgb_matrix_toggle_eeprom_helper
 .text.rgb_matrix_toggle
                0x0000000010004f64        0xa .build/obj_wraith_default/quantum/rgb_matrix/rgb_matrix.o
                0x0000000010004f64                rgb_matrix_toggle
 *fill*         0x0000000010004f6e        0x2 
 .text.rgb_matrix_mode_eeprom_helper
                0x0000000010004f70       0x44 .build/obj_wraith_default/quantum/rgb_matrix/rgb_matrix.o
                0x0000000010004f70                rgb_matrix_mode_eeprom_helper
 .text.rgb_matrix_mode
                0x0000000010004fb4        0xa .build/obj_wraith_default/quantum/rgb_matrix/rgb_matrix.o
                0x0000000010004fb4                rgb_matrix_mode
 *fill*         0x0000000010004fbe        0x2 
 .text.rgb_matrix_step_helper
                0x0000000010004fc0       0x1c .build/obj_wraith_default/quantum/rgb_matrix/rgb_matrix.o
                0x0000000010004fc0                rgb_matrix_step_helper
 .text.rgb_matrix_step
                0x0000000010004fdc        0xa .build/obj_wraith_default/quantum/rgb_matrix/rgb_matrix.o
                0x0000000010004fdc                rgb_matrix_step
 *fill*         0x0000000010004fe6        0x2 
 .text.rgb_matrix_step_reverse_helper
                0x0000000010004fe8       0x20 .build/obj_wraith_default/quantum/rgb_matrix/rgb_matrix.o
                0x0000000010004fe8                rgb_matrix_step_reverse_helper
 .text.rgb_matrix_step_reverse
                0x0000000010005008        0xa .build/obj_wraith_default/quantum/rgb_matrix/rgb_matrix.o
                0x0000000010005008                rgb_matrix_step_reverse
 *fill*         0x0000000010005012        0x2 
 .text.rgb_matrix_sethsv_eeprom_helper
                0x0000000010005014       0x20 .build/obj_wraith_default/quantum/rgb_matrix/rgb_matrix.o
                0x0000000010005014                rgb_matrix_sethsv_eeprom_helper
 .text.rgb_matrix_increase_hue_helper
                0x0000000010005034       0x18 .build/obj_wraith_default/quantum/rgb_matrix/rgb_matrix.o
                0x0000000010005034                rgb_matrix_increase_hue_helper
 .text.rgb_matrix_increase_hue
                0x000000001000504c        0xa .build/obj_wraith_default/quantum/rgb_matrix/rgb_matrix.o
                0x000000001000504c                rgb_matrix_increase_hue
 *fill*         0x0000000010005056        0x2 
 .text.rgb_matrix_decrease_hue_helper
                0x0000000010005058       0x1c .build/obj_wraith_default/quantum/rgb_matrix/rgb_matrix.o
                0x0000000010005058                rgb_matrix_decrease_hue_helper
 .text.rgb_matrix_decrease_hue
                0x0000000010005074        0xa .build/obj_wraith_default/quantum/rgb_matrix/rgb_matrix.o
                0x0000000010005074                rgb_matrix_decrease_hue
 *fill*         0x000000001000507e        0x2 
 .text.rgb_matrix_increase_sat_helper
                0x0000000010005080       0x24 .build/obj_wraith_default/quantum/rgb_matrix/rgb_matrix.o
                0x0000000010005080                rgb_matrix_increase_sat_helper
 .text.rgb_matrix_increase_sat
                0x00000000100050a4        0xa .build/obj_wraith_default/quantum/rgb_matrix/rgb_matrix.o
                0x00000000100050a4                rgb_matrix_increase_sat
 *fill*         0x00000000100050ae        0x2 
 .text.rgb_matrix_decrease_sat_helper
                0x00000000100050b0       0x24 .build/obj_wraith_default/quantum/rgb_matrix/rgb_matrix.o
                0x00000000100050b0                rgb_matrix_decrease_sat_helper
 .text.rgb_matrix_decrease_sat
                0x00000000100050d4        0xa .build/obj_wraith_default/quantum/rgb_matrix/rgb_matrix.o
                0x00000000100050d4                rgb_matrix_decrease_sat
 *fill*         0x00000000100050de        0x2 
 .text.rgb_matrix_increase_val_helper
                0x00000000100050e0       0x24 .build/obj_wraith_default/quantum/rgb_matrix/rgb_matrix.o
                0x00000000100050e0                rgb_matrix_increase_val_helper
 .text.rgb_matrix_increase_val
                0x0000000010005104        0xa .build/obj_wraith_default/quantum/rgb_matrix/rgb_matrix.o
                0x0000000010005104                rgb_matrix_increase_val
 *fill*         0x000000001000510e        0x2 
 .text.rgb_matrix_decrease_val_helper
                0x0000000010005110       0x24 .build/obj_wraith_default/quantum/rgb_matrix/rgb_matrix.o
                0x0000000010005110                rgb_matrix_decrease_val_helper
 .text.rgb_matrix_decrease_val
                0x0000000010005134        0xa .build/obj_wraith_default/quantum/rgb_matrix/rgb_matrix.o
                0x0000000010005134                rgb_matrix_decrease_val
 *fill*         0x000000001000513e        0x2 
 .text.rgb_matrix_increase_speed_helper
                0x0000000010005140       0x1c .build/obj_wraith_default/quantum/rgb_matrix/rgb_matrix.o
                0x0000000010005140                rgb_matrix_increase_speed_helper
 .text.rgb_matrix_increase_speed
                0x000000001000515c        0xa .build/obj_wraith_default/quantum/rgb_matrix/rgb_matrix.o
                0x000000001000515c                rgb_matrix_increase_speed
 *fill*         0x0000000010005166        0x2 
 .text.rgb_matrix_decrease_speed_helper
                0x0000000010005168       0x20 .build/obj_wraith_default/quantum/rgb_matrix/rgb_matrix.o
                0x0000000010005168                rgb_matrix_decrease_speed_helper
 .text.rgb_matrix_decrease_speed
                0x0000000010005188        0xa .build/obj_wraith_default/quantum/rgb_matrix/rgb_matrix.o
                0x0000000010005188                rgb_matrix_decrease_speed
 *fill*         0x0000000010005192        0x2 
 .text.init     0x0000000010005194        0xc .build/obj_wraith_default/quantum/rgb_matrix/rgb_matrix_drivers.o
 .text.setled   0x00000000100051a0       0x54 .build/obj_wraith_default/quantum/rgb_matrix/rgb_matrix_drivers.o
 .text.setled_all
                0x00000000100051f4       0x1e .build/obj_wraith_default/quantum/rgb_matrix/rgb_matrix_drivers.o
 *fill*         0x0000000010005212        0x2 
 .text.flush    0x0000000010005214       0x20 .build/obj_wraith_default/quantum/rgb_matrix/rgb_matrix_drivers.o
 .text.handleKeycodeRGB
                0x0000000010005234        0xe .build/obj_wraith_default/quantum/process_keycode/process_rgb.o
 *fill*         0x0000000010005242        0x2 
 .text.process_rgb
                0x0000000010005244       0xc0 .build/obj_wraith_default/quantum/process_keycode/process_rgb.o
                0x0000000010005244                process_rgb
 .text.ws2812_dma_callback
                0x0000000010005304       0x74 .build/obj_wraith_default/ws2812_vendor.o
 .text.ws2812_init
                0x0000000010005378      0x170 .build/obj_wraith_default/ws2812_vendor.o
                0x0000000010005378                ws2812_init
 .text.ws2812_setleds
                0x00000000100054e8      0x114 .build/obj_wraith_default/ws2812_vendor.o
                0x00000000100054e8                ws2812_setleds
 .text.crc_init
                0x00000000100055fc        0x2 .build/obj_wraith_default/crc.o
                0x00000000100055fc                crc_init
 .text.crc8     0x00000000100055fe       0x2e .build/obj_wraith_default/crc.o
                0x00000000100055fe                crc8
 .text.fnv_64a_buf
                0x000000001000562c       0x8a .build/obj_wraith_default/hash_64a.o
                0x000000001000562c                fnv_64a_buf
 .text.oled_send_cmd
                0x00000000100056b6       0x16 .build/obj_wraith_default/oled_driver.o
                0x00000000100056b6                oled_send_cmd
 .text.oled_send_cmd_P
                0x00000000100056cc        0x8 .build/obj_wraith_default/oled_driver.o
                0x00000000100056cc                oled_send_cmd_P
 .text.oled_send_data
                0x00000000100056d4       0x1a .build/obj_wraith_default/oled_driver.o
                0x00000000100056d4                oled_send_data
 .text.oled_driver_init
                0x00000000100056ee        0x8 .build/obj_wraith_default/oled_driver.o
                0x00000000100056ee                oled_driver_init
 .text.oled_init_kb
                0x00000000100056f6        0x2 .build/obj_wraith_default/oled_driver.o
                0x00000000100056f6                oled_init_kb
 .text.oled_init_user
                0x00000000100056f8        0x2 .build/obj_wraith_default/oled_driver.o
                0x00000000100056f8                oled_init_user
 *fill*         0x00000000100056fa        0x2 
 .text.oled_clear
                0x00000000100056fc       0x2c .build/obj_wraith_default/oled_driver.o
                0x00000000100056fc                oled_clear
 .text.oled_init
                0x0000000010005728       0xa0 .build/obj_wraith_default/oled_driver.o
                0x0000000010005728                oled_init
 .text.oled_set_cursor
                0x00000000100057c8       0x30 .build/obj_wraith_default/oled_driver.o
                0x00000000100057c8                oled_set_cursor
 .text.oled_advance_char
                0x00000000100057f8       0x44 .build/obj_wraith_default/oled_driver.o
                0x00000000100057f8                oled_advance_char
 .text.oled_write_char
                0x000000001000583c       0xb0 .build/obj_wraith_default/oled_driver.o
                0x000000001000583c                oled_write_char
 .text.oled_advance_page
                0x00000000100058ec       0x68 .build/obj_wraith_default/oled_driver.o
                0x00000000100058ec                oled_advance_page
 .text.oled_write
                0x0000000010005954       0x1e .build/obj_wraith_default/oled_driver.o
                0x0000000010005954                oled_write
 *fill*         0x0000000010005972        0x2 
 .text.oled_on  0x0000000010005974       0x48 .build/obj_wraith_default/oled_driver.o
                0x0000000010005974                oled_on
 .text.oled_render
                0x00000000100059bc      0x140 .build/obj_wraith_default/oled_driver.o
                0x00000000100059bc                oled_render
 .text.oled_off
                0x0000000010005afc       0x3c .build/obj_wraith_default/oled_driver.o
                0x0000000010005afc                oled_off
 .text.oled_scroll_left
                0x0000000010005b38       0x70 .build/obj_wraith_default/oled_driver.o
                0x0000000010005b38                oled_scroll_left
 .text.oled_task_kb
                0x0000000010005ba8        0x8 .build/obj_wraith_default/oled_driver.o
                0x0000000010005ba8                oled_task_kb
 .text.oled_task